Archive member included to satisfy reference by file (symbol)

/opt/homebrew/Cellar/arm-none-eabi-gcc/10.3-2021.07/gcc/bin/../lib/gcc/arm-none-eabi/10.3.1/../../../../arm-none-eabi/lib/thumb/v6-m/nofp/libm.a(lib_a-sf_modf.o)
                              CMakeFiles/audiotest.dir/i2s.c.obj (modff)
/opt/homebrew/Cellar/arm-none-eabi-gcc/10.3-2021.07/gcc/bin/../lib/gcc/arm-none-eabi/10.3.1/../../../../arm-none-eabi/lib/thumb/v6-m/nofp/libm.a(lib_a-sf_fpclassify.o)
                              /opt/homebrew/Cellar/arm-none-eabi-gcc/10.3-2021.07/gcc/bin/../lib/gcc/arm-none-eabi/10.3.1/../../../../arm-none-eabi/lib/thumb/v6-m/nofp/libm.a(lib_a-sf_modf.o) (__fpclassifyf)
/opt/homebrew/Cellar/arm-none-eabi-gcc/10.3-2021.07/gcc/bin/../lib/gcc/arm-none-eabi/10.3.1/thumb/v6-m/nofp/libgcc.a(_dvmd_tls.o)
                              CMakeFiles/audiotest.dir/Users/thetragedyofdarthwise/pico/pico-sdk/src/rp2_common/pico_divider/divider.S.obj (__aeabi_idiv0)
/opt/homebrew/Cellar/arm-none-eabi-gcc/10.3-2021.07/gcc/bin/../lib/gcc/arm-none-eabi/10.3.1/../../../../arm-none-eabi/lib/thumb/v6-m/nofp/libc.a(lib_a-calloc.o)
                              CMakeFiles/audiotest.dir/Users/thetragedyofdarthwise/pico/pico-sdk/src/rp2_common/pico_malloc/pico_malloc.c.obj (calloc)
/opt/homebrew/Cellar/arm-none-eabi-gcc/10.3-2021.07/gcc/bin/../lib/gcc/arm-none-eabi/10.3.1/../../../../arm-none-eabi/lib/thumb/v6-m/nofp/libc.a(lib_a-callocr.o)
                              /opt/homebrew/Cellar/arm-none-eabi-gcc/10.3-2021.07/gcc/bin/../lib/gcc/arm-none-eabi/10.3.1/../../../../arm-none-eabi/lib/thumb/v6-m/nofp/libc.a(lib_a-calloc.o) (_calloc_r)
/opt/homebrew/Cellar/arm-none-eabi-gcc/10.3-2021.07/gcc/bin/../lib/gcc/arm-none-eabi/10.3.1/../../../../arm-none-eabi/lib/thumb/v6-m/nofp/libc.a(lib_a-errno.o)
                              /opt/homebrew/Cellar/arm-none-eabi-gcc/10.3-2021.07/gcc/bin/../lib/gcc/arm-none-eabi/10.3.1/../../../../arm-none-eabi/lib/thumb/v6-m/nofp/libc.a(lib_a-callocr.o) (__errno)
/opt/homebrew/Cellar/arm-none-eabi-gcc/10.3-2021.07/gcc/bin/../lib/gcc/arm-none-eabi/10.3.1/../../../../arm-none-eabi/lib/thumb/v6-m/nofp/libc.a(lib_a-impure.o)
                              /opt/homebrew/Cellar/arm-none-eabi-gcc/10.3-2021.07/gcc/bin/../lib/gcc/arm-none-eabi/10.3.1/../../../../arm-none-eabi/lib/thumb/v6-m/nofp/libc.a(lib_a-calloc.o) (_impure_ptr)
/opt/homebrew/Cellar/arm-none-eabi-gcc/10.3-2021.07/gcc/bin/../lib/gcc/arm-none-eabi/10.3.1/../../../../arm-none-eabi/lib/thumb/v6-m/nofp/libc.a(lib_a-init.o)
                              /opt/homebrew/Cellar/arm-none-eabi-gcc/10.3-2021.07/gcc/bin/../lib/gcc/arm-none-eabi/10.3.1/../../../../arm-none-eabi/lib/thumb/v6-m/nofp/crt0.o (__libc_init_array)
/opt/homebrew/Cellar/arm-none-eabi-gcc/10.3-2021.07/gcc/bin/../lib/gcc/arm-none-eabi/10.3.1/../../../../arm-none-eabi/lib/thumb/v6-m/nofp/libc.a(lib_a-malloc.o)
                              CMakeFiles/audiotest.dir/Users/thetragedyofdarthwise/pico/pico-sdk/src/rp2_common/pico_malloc/pico_malloc.c.obj (malloc)
/opt/homebrew/Cellar/arm-none-eabi-gcc/10.3-2021.07/gcc/bin/../lib/gcc/arm-none-eabi/10.3.1/../../../../arm-none-eabi/lib/thumb/v6-m/nofp/libc.a(lib_a-mallocr.o)
                              /opt/homebrew/Cellar/arm-none-eabi-gcc/10.3-2021.07/gcc/bin/../lib/gcc/arm-none-eabi/10.3.1/../../../../arm-none-eabi/lib/thumb/v6-m/nofp/libc.a(lib_a-callocr.o) (_malloc_r)
/opt/homebrew/Cellar/arm-none-eabi-gcc/10.3-2021.07/gcc/bin/../lib/gcc/arm-none-eabi/10.3.1/../../../../arm-none-eabi/lib/thumb/v6-m/nofp/libc.a(lib_a-mlock.o)
                              /opt/homebrew/Cellar/arm-none-eabi-gcc/10.3-2021.07/gcc/bin/../lib/gcc/arm-none-eabi/10.3.1/../../../../arm-none-eabi/lib/thumb/v6-m/nofp/libc.a(lib_a-mallocr.o) (__malloc_lock)
/opt/homebrew/Cellar/arm-none-eabi-gcc/10.3-2021.07/gcc/bin/../lib/gcc/arm-none-eabi/10.3.1/../../../../arm-none-eabi/lib/thumb/v6-m/nofp/libc.a(lib_a-realloc.o)
                              CMakeFiles/audiotest.dir/Users/thetragedyofdarthwise/pico/pico-sdk/src/rp2_common/pico_malloc/pico_malloc.c.obj (realloc)
/opt/homebrew/Cellar/arm-none-eabi-gcc/10.3-2021.07/gcc/bin/../lib/gcc/arm-none-eabi/10.3.1/../../../../arm-none-eabi/lib/thumb/v6-m/nofp/libc.a(lib_a-reallocr.o)
                              /opt/homebrew/Cellar/arm-none-eabi-gcc/10.3-2021.07/gcc/bin/../lib/gcc/arm-none-eabi/10.3.1/../../../../arm-none-eabi/lib/thumb/v6-m/nofp/libc.a(lib_a-realloc.o) (_realloc_r)
/opt/homebrew/Cellar/arm-none-eabi-gcc/10.3-2021.07/gcc/bin/../lib/gcc/arm-none-eabi/10.3.1/../../../../arm-none-eabi/lib/thumb/v6-m/nofp/libc.a(lib_a-sbrkr.o)
                              /opt/homebrew/Cellar/arm-none-eabi-gcc/10.3-2021.07/gcc/bin/../lib/gcc/arm-none-eabi/10.3.1/../../../../arm-none-eabi/lib/thumb/v6-m/nofp/libc.a(lib_a-mallocr.o) (_sbrk_r)
/opt/homebrew/Cellar/arm-none-eabi-gcc/10.3-2021.07/gcc/bin/../lib/gcc/arm-none-eabi/10.3.1/../../../../arm-none-eabi/lib/thumb/v6-m/nofp/libc.a(lib_a-strlen-stub.o)
[...]
Memory Configuration

Name             Origin             Length             Attributes
FLASH            0x0000000010000000 0x0000000000200000 xr
RAM              0x0000000020000000 0x0000000000040000 xrw
SCRATCH_X        0x0000000020040000 0x0000000000001000 xrw
SCRATCH_Y        0x0000000020041000 0x0000000000001000 xrw
*default*        0x0000000000000000 0xffffffffffffffff

Linker script and memory map

LOAD /opt/homebrew/Cellar/arm-none-eabi-gcc/10.3-2021.07/gcc/bin/../lib/gcc/arm-none-eabi/10.3.1/thumb/v6-m/nofp/crti.o
LOAD /opt/homebrew/Cellar/arm-none-eabi-gcc/10.3-2021.07/gcc/bin/../lib/gcc/arm-none-eabi/10.3.1/thumb/v6-m/nofp/crtbegin.o
LOAD /opt/homebrew/Cellar/arm-none-eabi-gcc/10.3-2021.07/gcc/bin/../lib/gcc/arm-none-eabi/10.3.1/../../../../arm-none-eabi/lib/thumb/v6-m/nofp/crt0.o

.flash_begin    0x0000000010000000        0x0
                0x0000000010000000                __flash_binary_start = .

.boot2          0x0000000010000000      0x100
                0x0000000010000000                __boot2_start__ = .
 *(.boot2)
 .boot2         0x0000000010000000      0x100 /var/folders/v4/7zxsd_212rv0j7qc8whpzjbm0000gn/T//ccwvz1kF.o
                0x0000000010000100                __boot2_end__ = .
                0x0000000000000001                ASSERT (((__boot2_end__ - __boot2_start__) == 0x100), ERROR: Pico second stage bootloader must be 256 bytes in size)

.text           0x0000000010000100     0x7cb0
                0x0000000010000100                __logical_binary_start = .
 *(.vectors)
 .vectors       0x0000000010000100       0xd4 CMakeFiles/audiotest.dir/Users/thetragedyofdarthwise/pico/pico-sdk/src/rp2_common/pico_standard_link/crt0.S.obj
                0x0000000010000100                __VECTOR_TABLE
                0x0000000010000100                __vectors
                0x00000000100001c0                __default_isrs_start
                0x00000000100001c0                isr_invalid
                0x00000000100001c2                isr_nmi
                0x00000000100001c4                isr_hardfault
                0x00000000100001c6                isr_svcall
                0x00000000100001c8                isr_pendsv
                0x00000000100001ca                isr_systick
                0x00000000100001cc                isr_irq28
                0x00000000100001cc                isr_irq19
                0x00000000100001cc                isr_irq0
                0x00000000100001cc                isr_irq6
                0x00000000100001cc                isr_irq22
                0x00000000100001cc                isr_irq17
                0x00000000100001cc                isr_irq14
                0x00000000100001cc                isr_irq2
                0x00000000100001cc                isr_irq10
                0x00000000100001cc                isr_irq8
                0x00000000100001cc                isr_irq24
                0x00000000100001cc                isr_irq1
                0x00000000100001cc                isr_irq7
                0x00000000100001cc                isr_irq21
                0x00000000100001cc                isr_irq20
                0x00000000100001cc                isr_irq15
                0x00000000100001cc                isr_irq25
                0x00000000100001cc                isr_irq4
                0x00000000100001cc                isr_irq16
                0x00000000100001cc                isr_irq29
                0x00000000100001cc                isr_irq26
                0x00000000100001cc                __default_isrs_end
                0x00000000100001cc                isr_irq3
                0x00000000100001cc                isr_irq9
                0x00000000100001cc                __unhandled_user_irq
                0x00000000100001cc                isr_irq13
                0x00000000100001cc                isr_irq27
                0x00000000100001cc                isr_irq31
                0x00000000100001cc                isr_irq5
                0x00000000100001cc                isr_irq11
                0x00000000100001cc                isr_irq23
                0x00000000100001cc                isr_irq18
                0x00000000100001cc                isr_irq30
                0x00000000100001cc                isr_irq12
                0x00000000100001d2                unhandled_user_irq_num_in_r0
 *(.binary_info_header)
 .binary_info_header
                0x00000000100001d4       0x14 CMakeFiles/audiotest.dir/Users/thetragedyofdarthwise/pico/pico-sdk/src/rp2_common/pico_standard_link/crt0.S.obj
                0x00000000100001e8                __binary_info_header_end = .
 *(.reset)
 .reset         0x00000000100001e8       0xa0 CMakeFiles/audiotest.dir/Users/thetragedyofdarthwise/pico/pico-sdk/src/rp2_common/pico_standard_link/crt0.S.obj
                0x00000000100001e8                _entry_point
 .reset         0x0000000010000288       0x30 CMakeFiles/audiotest.dir/Users/thetragedyofdarthwise/pico/pico-sdk/src/rp2_common/pico_standard_link/binary_info.c.obj
 *(.init)
 .init          0x00000000100002b8        0x4 /opt/homebrew/Cellar/arm-none-eabi-gcc/10.3-2021.07/gcc/bin/../lib/gcc/arm-none-eabi/10.3.1/thumb/v6-m/nofp/crti.o
                0x00000000100002b8                _init
 *(EXCLUDE_FILE(*libm.a: *libc.a:*lib_a-mem*.o *libgcc.a:) .text*)
 .text          0x00000000100002bc       0x48 /opt/homebrew/Cellar/arm-none-eabi-gcc/10.3-2021.07/gcc/bin/../lib/gcc/arm-none-eabi/10.3.1/thumb/v6-m/nofp/crtbegin.o
 .text.dma_i2s_in_handler
                0x0000000010000304       0x70 CMakeFiles/audiotest.dir/main.c.obj
 .text.startup.main
                0x0000000010000374      0x160 CMakeFiles/audiotest.dir/main.c.obj
                0x0000000010000374                main
 .text.i2s_sck_program_init
                0x00000000100004d4       0x98 CMakeFiles/audiotest.dir/i2s.c.obj
 .text.dma_double_buffer_init
                0x000000001000056c      0x1a0 CMakeFiles/audiotest.dir/i2s.c.obj
 .text.calc_clocks
                0x000000001000070c      0x194 CMakeFiles/audiotest.dir/i2s.c.obj
 .text.i2s_program_start_synched
                0x00000000100008a0      0x33c CMakeFiles/audiotest.dir/i2s.c.obj
                0x00000000100008a0                i2s_program_start_synched
 .text.set_sys_clock_pll
                0x0000000010000bdc       0x78 CMakeFiles/audiotest.dir/Users/thetragedyofdarthwise/pico/pico-sdk/src/rp2_common/pico_stdlib/stdlib.c.obj
                0x0000000010000bdc                set_sys_clock_pll
 .text.check_sys_clock_khz
                0x0000000010000c54      0x178 CMakeFiles/audiotest.dir/Users/thetragedyofdarthwise/pico/pico-sdk/src/rp2_common/pico_stdlib/stdlib.c.obj
                0x0000000010000c54                check_sys_clock_khz
 .text.gpio_set_function
                0x0000000010000dcc       0x30 CMakeFiles/audiotest.dir/Users/thetragedyofdarthwise/pico/pico-sdk/src/rp2_common/hardware_gpio/gpio.c.obj
                0x0000000010000dcc                gpio_set_function
 .text.gpio_set_pulls
                0x0000000010000dfc       0x30 CMakeFiles/audiotest.dir/Users/thetragedyofdarthwise/pico/pico-sdk/src/rp2_common/hardware_gpio/gpio.c.obj
                0x0000000010000dfc                gpio_set_pulls
 .text.gpio_set_slew_rate
                0x0000000010000e2c       0x20 CMakeFiles/audiotest.dir/Users/thetragedyofdarthwise/pico/pico-sdk/src/rp2_common/hardware_gpio/gpio.c.obj
                0x0000000010000e2c                gpio_set_slew_rate
 .text.gpio_set_drive_strength
                0x0000000010000e4c       0x20 CMakeFiles/audiotest.dir/Users/thetragedyofdarthwise/pico/pico-sdk/src/rp2_common/hardware_gpio/gpio.c.obj
                0x0000000010000e4c                gpio_set_drive_strength
 .text.gpio_init
                0x0000000010000e6c       0x3c CMakeFiles/audiotest.dir/Users/thetragedyofdarthwise/pico/pico-sdk/src/rp2_common/hardware_gpio/gpio.c.obj
                0x0000000010000e6c                gpio_init
 .text.running_on_fpga
                0x0000000010000ea8       0x10 CMakeFiles/audiotest.dir/Users/thetragedyofdarthwise/pico/pico-sdk/src/rp2_common/pico_platform/platform.c.obj
                0x0000000010000ea8                running_on_fpga
 .text.hw_claim_lock
                0x0000000010000eb8       0x18 CMakeFiles/audiotest.dir/Users/thetragedyofdarthwise/pico/pico-sdk/src/rp2_common/hardware_claim/claim.c.obj
                0x0000000010000eb8                hw_claim_lock
 .text.hw_claim_unlock
                0x0000000010000ed0       0x14 CMakeFiles/audiotest.dir/Users/thetragedyofdarthwise/pico/pico-sdk/src/rp2_common/hardware_claim/claim.c.obj
                0x0000000010000ed0                hw_claim_unlock
 .text.hw_claim_or_assert
                0x0000000010000ee4       0x44 CMakeFiles/audiotest.dir/Users/thetragedyofdarthwise/pico/pico-sdk/src/rp2_common/hardware_claim/claim.c.obj
                0x0000000010000ee4                hw_claim_or_assert
 .text.hw_claim_unused_from_range
                0x0000000010000f28       0x9c CMakeFiles/audiotest.dir/Users/thetragedyofdarthwise/pico/pico-sdk/src/rp2_common/hardware_claim/claim.c.obj
                0x0000000010000f28                hw_claim_unused_from_range
 .text.spin_locks_reset
                0x0000000010000fc4       0x1c CMakeFiles/audiotest.dir/Users/thetragedyofdarthwise/pico/pico-sdk/src/rp2_common/hardware_sync/sync.c.obj
                0x0000000010000fc4                spin_locks_reset
 .text.next_striped_spin_lock_num
                0x0000000010000fe0       0x18 CMakeFiles/audiotest.dir/Users/thetragedyofdarthwise/pico/pico-sdk/src/rp2_common/hardware_sync/sync.c.obj
                0x0000000010000fe0                next_striped_spin_lock_num
 .text.spin_lock_claim_unused
                0x0000000010000ff8       0x20 CMakeFiles/audiotest.dir/Users/thetragedyofdarthwise/pico/pico-sdk/src/rp2_common/hardware_sync/sync.c.obj
                0x0000000010000ff8                spin_lock_claim_unused
 .text.irq_set_enabled
                0x0000000010001018       0x24 CMakeFiles/audiotest.dir/Users/thetragedyofdarthwise/pico/pico-sdk/src/rp2_common/hardware_irq/irq.c.obj
                0x0000000010001018                irq_set_enabled
 .text.irq_set_pending
                0x000000001000103c       0x10 CMakeFiles/audiotest.dir/Users/thetragedyofdarthwise/pico/pico-sdk/src/rp2_common/hardware_irq/irq.c.obj
                0x000000001000103c                irq_set_pending
 .text.irq_has_shared_handler
                0x000000001000104c       0x2c CMakeFiles/audiotest.dir/Users/thetragedyofdarthwise/pico/pico-sdk/src/rp2_common/hardware_irq/irq.c.obj
                0x000000001000104c                irq_has_shared_handler
 .text.irq_get_vtable_handler
                0x0000000010001078       0x10 CMakeFiles/audiotest.dir/Users/thetragedyofdarthwise/pico/pico-sdk/src/rp2_common/hardware_irq/irq.c.obj
                0x0000000010001078                irq_get_vtable_handler
 .text.irq_set_exclusive_handler
                0x0000000010001088       0x54 CMakeFiles/audiotest.dir/Users/thetragedyofdarthwise/pico/pico-sdk/src/rp2_common/hardware_irq/irq.c.obj
                0x0000000010001088                irq_set_exclusive_handler
 .text.irq_add_shared_handler
                0x00000000100010dc      0x1e8 CMakeFiles/audiotest.dir/Users/thetragedyofdarthwise/pico/pico-sdk/src/rp2_common/hardware_irq/irq.c.obj
                0x00000000100010dc                irq_add_shared_handler
 .text.irq_remove_handler
                0x00000000100012c4      0x1b0 CMakeFiles/audiotest.dir/Users/thetragedyofdarthwise/pico/pico-sdk/src/rp2_common/hardware_irq/irq.c.obj
                0x00000000100012c4                irq_remove_handler
 .text.irq_add_tail_to_free_list
                0x0000000010001474       0xb4 CMakeFiles/audiotest.dir/Users/thetragedyofdarthwise/pico/pico-sdk/src/rp2_common/hardware_irq/irq.c.obj
                0x0000000010001474                irq_add_tail_to_free_list
 .text.irq_init_priorities
                0x0000000010001528       0x24 CMakeFiles/audiotest.dir/Users/thetragedyofdarthwise/pico/pico-sdk/src/rp2_common/hardware_irq/irq.c.obj
                0x0000000010001528                irq_init_priorities
 .text.user_irq_claim_unused
                0x000000001000154c       0x28 CMakeFiles/audiotest.dir/Users/thetragedyofdarthwise/pico/pico-sdk/src/rp2_common/hardware_irq/irq.c.obj
                0x000000001000154c                user_irq_claim_unused
 .text.lock_init
                0x0000000010001574       0x10 CMakeFiles/audiotest.dir/Users/thetragedyofdarthwise/pico/pico-sdk/src/common/pico_sync/lock_core.c.obj
                0x0000000010001574                lock_init
 .text.mutex_init
                0x0000000010001584       0x1c CMakeFiles/audiotest.dir/Users/thetragedyofdarthwise/pico/pico-sdk/src/common/pico_sync/mutex.c.obj
                0x0000000010001584                mutex_init
 .text.recursive_mutex_init
                0x00000000100015a0       0x1c CMakeFiles/audiotest.dir/Users/thetragedyofdarthwise/pico/pico-sdk/src/common/pico_sync/mutex.c.obj
                0x00000000100015a0                recursive_mutex_init
 .text.critical_section_init
                0x00000000100015bc       0x20 CMakeFiles/audiotest.dir/Users/thetragedyofdarthwise/pico/pico-sdk/src/common/pico_sync/critical_section.c.obj
                0x00000000100015bc                critical_section_init
 .text.critical_section_init_with_lock_num
                0x00000000100015dc       0x14 CMakeFiles/audiotest.dir/Users/thetragedyofdarthwise/pico/pico-sdk/src/common/pico_sync/critical_section.c.obj
                0x00000000100015dc                critical_section_init_with_lock_num
 .text.timer_pool_entry_comparator
                0x00000000100015f0       0x34 CMakeFiles/audiotest.dir/Users/thetragedyofdarthwise/pico/pico-sdk/src/common/pico_time/time.c.obj
                0x00000000100015f0                timer_pool_entry_comparator
 .text.sleep_until_callback
                0x0000000010001624       0x30 CMakeFiles/audiotest.dir/Users/thetragedyofdarthwise/pico/pico-sdk/src/common/pico_time/time.c.obj
 .text.add_alarm_under_lock.isra.0
                0x0000000010001654      0x100 CMakeFiles/audiotest.dir/Users/thetragedyofdarthwise/pico/pico-sdk/src/common/pico_time/time.c.obj
 .text.alarm_pool_alarm_callback
                0x0000000010001754      0x1b8 CMakeFiles/audiotest.dir/Users/thetragedyofdarthwise/pico/pico-sdk/src/common/pico_time/time.c.obj
 .text.alarm_pool_init_default
                0x000000001000190c       0x6c CMakeFiles/audiotest.dir/Users/thetragedyofdarthwise/pico/pico-sdk/src/common/pico_time/time.c.obj
                0x000000001000190c                alarm_pool_init_default
 .text.alarm_pool_get_default
                0x0000000010001978        0x8 CMakeFiles/audiotest.dir/Users/thetragedyofdarthwise/pico/pico-sdk/src/common/pico_time/time.c.obj
                0x0000000010001978                alarm_pool_get_default
 .text.alarm_pool_add_alarm_at
                0x0000000010001980      0x17c CMakeFiles/audiotest.dir/Users/thetragedyofdarthwise/pico/pico-sdk/src/common/pico_time/time.c.obj
                0x0000000010001980                alarm_pool_add_alarm_at
 .text.alarm_pool_cancel_alarm
                0x0000000010001afc       0x74 CMakeFiles/audiotest.dir/Users/thetragedyofdarthwise/pico/pico-sdk/src/common/pico_time/time.c.obj
                0x0000000010001afc                alarm_pool_cancel_alarm
 .text.alarm_pool_core_num
                0x0000000010001b70        0x4 CMakeFiles/audiotest.dir/Users/thetragedyofdarthwise/pico/pico-sdk/src/common/pico_time/time.c.obj
                0x0000000010001b70                alarm_pool_core_num
 .text.sleep_until
                0x0000000010001b74       0xc4 CMakeFiles/audiotest.dir/Users/thetragedyofdarthwise/pico/pico-sdk/src/common/pico_time/time.c.obj
                0x0000000010001b74                sleep_until
 .text.sleep_ms
                0x0000000010001c38       0x34 CMakeFiles/audiotest.dir/Users/thetragedyofdarthwise/pico/pico-sdk/src/common/pico_time/time.c.obj
                0x0000000010001c38                sleep_ms
 .text.best_effort_wfe_or_timeout
                0x0000000010001c6c       0x78 CMakeFiles/audiotest.dir/Users/thetragedyofdarthwise/pico/pico-sdk/src/common/pico_time/time.c.obj
                0x0000000010001c6c                best_effort_wfe_or_timeout
 .text.hardware_alarm_irq_handler
                0x0000000010001ce4       0xbc CMakeFiles/audiotest.dir/Users/thetragedyofdarthwise/pico/pico-sdk/src/rp2_common/hardware_timer/timer.c.obj
 .text.hardware_alarm_claim
                0x0000000010001da0       0x18 CMakeFiles/audiotest.dir/Users/thetragedyofdarthwise/pico/pico-sdk/src/rp2_common/hardware_timer/timer.c.obj
                0x0000000010001da0                hardware_alarm_claim
 .text.time_us_64
                0x0000000010001db8       0x14 CMakeFiles/audiotest.dir/Users/thetragedyofdarthwise/pico/pico-sdk/src/rp2_common/hardware_timer/timer.c.obj
                0x0000000010001db8                time_us_64
 .text.busy_wait_until
                0x0000000010001dcc       0x20 CMakeFiles/audiotest.dir/Users/thetragedyofdarthwise/pico/pico-sdk/src/rp2_common/hardware_timer/timer.c.obj
                0x0000000010001dcc                busy_wait_until
 .text.hardware_alarm_set_callback
                0x0000000010001dec       0x8c CMakeFiles/audiotest.dir/Users/thetragedyofdarthwise/pico/pico-sdk/src/rp2_common/hardware_timer/timer.c.obj
                0x0000000010001dec                hardware_alarm_set_callback
 .text.hardware_alarm_set_target
                0x0000000010001e78       0xe0 CMakeFiles/audiotest.dir/Users/thetragedyofdarthwise/pico/pico-sdk/src/rp2_common/hardware_timer/timer.c.obj
                0x0000000010001e78                hardware_alarm_set_target
 .text.hardware_alarm_cancel
                0x0000000010001f58       0x3c CMakeFiles/audiotest.dir/Users/thetragedyofdarthwise/pico/pico-sdk/src/rp2_common/hardware_timer/timer.c.obj
                0x0000000010001f58                hardware_alarm_cancel
 .text.ph_merge_nodes
                0x0000000010001f94       0x68 CMakeFiles/audiotest.dir/Users/thetragedyofdarthwise/pico/pico-sdk/src/common/pico_util/pheap.c.obj
 .text.ph_post_alloc_init
                0x0000000010001ffc       0x3c CMakeFiles/audiotest.dir/Users/thetragedyofdarthwise/pico/pico-sdk/src/common/pico_util/pheap.c.obj
                0x0000000010001ffc                ph_post_alloc_init
 .text.ph_merge_two_pass
                0x0000000010002038       0x90 CMakeFiles/audiotest.dir/Users/thetragedyofdarthwise/pico/pico-sdk/src/common/pico_util/pheap.c.obj
                0x0000000010002038                ph_merge_two_pass
 .text.ph_remove_any_head
                0x00000000100020c8      0x100 CMakeFiles/audiotest.dir/Users/thetragedyofdarthwise/pico/pico-sdk/src/common/pico_util/pheap.c.obj
 .text.ph_remove_head
                0x00000000100021c8      0x104 CMakeFiles/audiotest.dir/Users/thetragedyofdarthwise/pico/pico-sdk/src/common/pico_util/pheap.c.obj
                0x00000000100021c8                ph_remove_head
 .text.ph_remove_and_free_node
                0x00000000100022cc       0x7c CMakeFiles/audiotest.dir/Users/thetragedyofdarthwise/pico/pico-sdk/src/common/pico_util/pheap.c.obj
                0x00000000100022cc                ph_remove_and_free_node
 .text.clock_configure
                0x0000000010002348      0x114 CMakeFiles/audiotest.dir/Users/thetragedyofdarthwise/pico/pico-sdk/src/rp2_common/hardware_clocks/clocks.c.obj
                0x0000000010002348                clock_configure
 .text.clocks_init
                0x000000001000245c      0x2bc CMakeFiles/audiotest.dir/Users/thetragedyofdarthwise/pico/pico-sdk/src/rp2_common/hardware_clocks/clocks.c.obj
                0x000000001000245c                clocks_init
 .text.clock_get_hz
                0x0000000010002718        0xc CMakeFiles/audiotest.dir/Users/thetragedyofdarthwise/pico/pico-sdk/src/rp2_common/hardware_clocks/clocks.c.obj
                0x0000000010002718                clock_get_hz
 .text.pll_init
                0x0000000010002724       0xb0 CMakeFiles/audiotest.dir/Users/thetragedyofdarthwise/pico/pico-sdk/src/rp2_common/hardware_pll/pll.c.obj
                0x0000000010002724                pll_init
 .text.watchdog_start_tick
                0x00000000100027d4       0x10 CMakeFiles/audiotest.dir/Users/thetragedyofdarthwise/pico/pico-sdk/src/rp2_common/hardware_watchdog/watchdog.c.obj
                0x00000000100027d4                watchdog_start_tick
 .text.watchdog_reboot
                0x00000000100027e4       0x98 CMakeFiles/audiotest.dir/Users/thetragedyofdarthwise/pico/pico-sdk/src/rp2_common/hardware_watchdog/watchdog.c.obj
                0x00000000100027e4                watchdog_reboot
 .text.xosc_init
                0x000000001000287c       0x28 CMakeFiles/audiotest.dir/Users/thetragedyofdarthwise/pico/pico-sdk/src/rp2_common/hardware_xosc/xosc.c.obj
                0x000000001000287c                xosc_init
 .text.runtime_init
                0x00000000100028a4       0xf0 CMakeFiles/audiotest.dir/Users/thetragedyofdarthwise/pico/pico-sdk/src/rp2_common/pico_runtime/runtime.c.obj
                0x00000000100028a4                runtime_init
 .text._exit    0x0000000010002994        0x4 CMakeFiles/audiotest.dir/Users/thetragedyofdarthwise/pico/pico-sdk/src/rp2_common/pico_runtime/runtime.c.obj
                0x0000000010002994                _exit
 .text.exit     0x0000000010002998        0x8 CMakeFiles/audiotest.dir/Users/thetragedyofdarthwise/pico/pico-sdk/src/rp2_common/pico_runtime/runtime.c.obj
                0x0000000010002998                exit
 .text.panic    0x00000000100029a0       0x30 CMakeFiles/audiotest.dir/Users/thetragedyofdarthwise/pico/pico-sdk/src/rp2_common/pico_runtime/runtime.c.obj
                0x00000000100029a0                panic
 .text.hard_assertion_failure
                0x00000000100029d0        0xc CMakeFiles/audiotest.dir/Users/thetragedyofdarthwise/pico/pico-sdk/src/rp2_common/pico_runtime/runtime.c.obj
                0x00000000100029d0                hard_assertion_failure
 .text._out_null
                0x00000000100029dc        0x4 CMakeFiles/audiotest.dir/Users/thetragedyofdarthwise/pico/pico-sdk/src/rp2_common/pico_printf/printf.c.obj
 .text._out_rev
                0x00000000100029e0       0x9c CMakeFiles/audiotest.dir/Users/thetragedyofdarthwise/pico/pico-sdk/src/rp2_common/pico_printf/printf.c.obj
 .text._ntoa_format
                0x0000000010002a7c      0x1cc CMakeFiles/audiotest.dir/Users/thetragedyofdarthwise/pico/pico-sdk/src/rp2_common/pico_printf/printf.c.obj
 .text._out_char
                0x0000000010002c48       0x10 CMakeFiles/audiotest.dir/Users/thetragedyofdarthwise/pico/pico-sdk/src/rp2_common/pico_printf/printf.c.obj
 .text._out_fct
                0x0000000010002c58       0x10 CMakeFiles/audiotest.dir/Users/thetragedyofdarthwise/pico/pico-sdk/src/rp2_common/pico_printf/printf.c.obj
 .text._etoa    0x0000000010002c68      0x44c CMakeFiles/audiotest.dir/Users/thetragedyofdarthwise/pico/pico-sdk/src/rp2_common/pico_printf/printf.c.obj
 .text._ftoa    0x00000000100030b4      0x398 CMakeFiles/audiotest.dir/Users/thetragedyofdarthwise/pico/pico-sdk/src/rp2_common/pico_printf/printf.c.obj
 .text._vsnprintf
                0x000000001000344c      0xb04 CMakeFiles/audiotest.dir/Users/thetragedyofdarthwise/pico/pico-sdk/src/rp2_common/pico_printf/printf.c.obj
 .text.vfctprintf
                0x0000000010003f50       0x20 CMakeFiles/audiotest.dir/Users/thetragedyofdarthwise/pico/pico-sdk/src/rp2_common/pico_printf/printf.c.obj
                0x0000000010003f50                vfctprintf
 .text.weak_raw_vprintf
                0x0000000010003f70       0x30 CMakeFiles/audiotest.dir/Users/thetragedyofdarthwise/pico/pico-sdk/src/rp2_common/pico_printf/printf.c.obj
                0x0000000010003f70                weak_raw_vprintf
 .text          0x0000000010003fa0       0x10 CMakeFiles/audiotest.dir/Users/thetragedyofdarthwise/pico/pico-sdk/src/rp2_common/pico_bit_ops/bit_ops_aeabi.S.obj
 .text.ctzsi    0x0000000010003fb0        0xc CMakeFiles/audiotest.dir/Users/thetragedyofdarthwise/pico/pico-sdk/src/rp2_common/pico_bit_ops/bit_ops_aeabi.S.obj
                0x0000000010003fb0                __wrap___ctzsi2
 .text.rom_func_lookup
                0x0000000010003fbc       0x10 CMakeFiles/audiotest.dir/Users/thetragedyofdarthwise/pico/pico-sdk/src/rp2_common/pico_bootrom/bootrom.c.obj
                0x0000000010003fbc                rom_func_lookup
 .text.rom_data_lookup
                0x0000000010003fcc       0x10 CMakeFiles/audiotest.dir/Users/thetragedyofdarthwise/pico/pico-sdk/src/rp2_common/pico_bootrom/bootrom.c.obj
                0x0000000010003fcc                rom_data_lookup
 .text.rom_funcs_lookup
                0x0000000010003fdc       0x44 CMakeFiles/audiotest.dir/Users/thetragedyofdarthwise/pico/pico-sdk/src/rp2_common/pico_bootrom/bootrom.c.obj
                0x0000000010003fdc                rom_funcs_lookup
 .text.__wrap___aeabi_idiv
                0x0000000010004020       0x50 CMakeFiles/audiotest.dir/Users/thetragedyofdarthwise/pico/pico-sdk/src/rp2_common/pico_divider/divider.S.obj
                0x0000000010004020                __wrap___aeabi_idivmod
                0x0000000010004020                divmod_s32s32
                0x0000000010004020                div_s32s32
                0x0000000010004020                __wrap___aeabi_idiv
                0x0000000010004028                divmod_s32s32_unsafe
                0x0000000010004054                divmod_s32s32_savestate
 .text.__wrap___aeabi_uidiv
                0x0000000010004070       0x4c CMakeFiles/audiotest.dir/Users/thetragedyofdarthwise/pico/pico-sdk/src/rp2_common/pico_divider/divider.S.obj
                0x0000000010004070                __wrap___aeabi_uidiv
                0x0000000010004070                __wrap___aeabi_uidivmod
                0x0000000010004070                div_u32u32
                0x0000000010004070                divmod_u32u32
                0x0000000010004078                divmod_u32u32_unsafe
                0x00000000100040a0                divmod_u32u32_savestate
 .text.__wrap___aeabi_ldiv
                0x00000000100040bc      0x424 CMakeFiles/audiotest.dir/Users/thetragedyofdarthwise/pico/pico-sdk/src/rp2_common/pico_divider/divider.S.obj
                0x00000000100040bc                __wrap___aeabi_ldivmod
                0x00000000100040bc                div_s64s64
                0x00000000100040bc                divmod_s64s64
                0x00000000100040ec                divmod_u64u64
                0x00000000100040ec                div_u64u64
                0x00000000100040ec                __wrap___aeabi_uldivmod
                0x00000000100040fc                divmod_u64u64_savestate
                0x000000001000411c                divmod_s64s64_unsafe
                0x00000000100041a4                divmod_u64u64_unsafe
 .text.__wrap___aeabi_darithmetic
                0x00000000100044e0       0x80 CMakeFiles/audiotest.dir/Users/thetragedyofdarthwise/pico/pico-sdk/src/rp2_common/pico_double/double_aeabi.S.obj
                0x00000000100044e0                __wrap___aeabi_drsub
                0x00000000100044e6                __wrap___aeabi_dsub
                0x00000000100044f8                __wrap___aeabi_dadd
                0x000000001000450a                __wrap___aeabi_ddiv
                0x0000000010004546                __wrap___aeabi_dmul
 .text.__wrap___aeabi_cdcmple
                0x0000000010004560       0x6c CMakeFiles/audiotest.dir/Users/thetragedyofdarthwise/pico/pico-sdk/src/rp2_common/pico_double/double_aeabi.S.obj
                0x0000000010004560                __wrap___aeabi_cdrcmple
                0x0000000010004570                __wrap___aeabi_cdcmple
                0x0000000010004570                __wrap___aeabi_cdcmpeq
 .text.__wrap___aeabi_dcmplt
                0x00000000100045cc        0xc CMakeFiles/audiotest.dir/Users/thetragedyofdarthwise/pico/pico-sdk/src/rp2_common/pico_double/double_aeabi.S.obj
                0x00000000100045cc                __wrap___aeabi_dcmplt
 .text.__wrap___aeabi_dcmple
                0x00000000100045d8       0x10 CMakeFiles/audiotest.dir/Users/thetragedyofdarthwise/pico/pico-sdk/src/rp2_common/pico_double/double_aeabi.S.obj
                0x00000000100045d8                __wrap___aeabi_dcmple
 .text.__wrap___aeabi_dcmpge
                0x00000000100045e8       0x10 CMakeFiles/audiotest.dir/Users/thetragedyofdarthwise/pico/pico-sdk/src/rp2_common/pico_double/double_aeabi.S.obj
                0x00000000100045e8                __wrap___aeabi_dcmpge
 .text.__wrap___aeabi_dcmpgt
                0x00000000100045f8        0xa CMakeFiles/audiotest.dir/Users/thetragedyofdarthwise/pico/pico-sdk/src/rp2_common/pico_double/double_aeabi.S.obj
                0x00000000100045f8                __wrap___aeabi_dcmpgt
 .text.__wrap___aeabi_dcmpun
                0x0000000010004602       0x1c CMakeFiles/audiotest.dir/Users/thetragedyofdarthwise/pico/pico-sdk/src/rp2_common/pico_double/double_aeabi.S.obj
                0x0000000010004602                __wrap___aeabi_dcmpun
 *fill*         0x000000001000461e        0x2 
 .text.__wrap___aeabi_i2d
                0x0000000010004620       0x38 CMakeFiles/audiotest.dir/Users/thetragedyofdarthwise/pico/pico-sdk/src/rp2_common/pico_double/double_aeabi.S.obj
                0x0000000010004620                __wrap___aeabi_ui2d
                0x0000000010004628                __wrap___aeabi_i2d
 .text.__wrap___aeabi_d2iz
                0x0000000010004658       0x48 CMakeFiles/audiotest.dir/Users/thetragedyofdarthwise/pico/pico-sdk/src/rp2_common/pico_double/double_aeabi.S.obj
                0x0000000010004658                __wrap___aeabi_d2iz
                0x0000000010004658                double2int_z
 .text.__wrap___aeabi_d2uiz
                0x00000000100046a0       0x18 CMakeFiles/audiotest.dir/Users/thetragedyofdarthwise/pico/pico-sdk/src/rp2_common/pico_double/double_aeabi.S.obj
                0x00000000100046a0                double2uint
                0x00000000100046a0                __wrap___aeabi_d2uiz
 .text.__wrap___aeabi_d2f
                0x00000000100046b8       0x18 CMakeFiles/audiotest.dir/Users/thetragedyofdarthwise/pico/pico-sdk/src/rp2_common/pico_double/double_aeabi.S.obj
                0x00000000100046b8                __wrap___aeabi_d2f
 .text.__aeabi_double_init
                0x00000000100046d0       0x94 CMakeFiles/audiotest.dir/Users/thetragedyofdarthwise/pico/pico-sdk/src/rp2_common/pico_double/double_init_rom.c.obj
                0x00000000100046d0                __aeabi_double_init
 .text.double_table_shim_on_use_helper
                0x0000000010004764       0x2c CMakeFiles/audiotest.dir/Users/thetragedyofdarthwise/pico/pico-sdk/src/rp2_common/pico_double/double_v1_rom_shim.S.obj
                0x0000000010004764                double_table_shim_on_use_helper
 .text.__wrap___aeabi_dsub
                0x0000000010004790       0x10 CMakeFiles/audiotest.dir/Users/thetragedyofdarthwise/pico/pico-sdk/src/rp2_common/pico_double/double_v1_rom_shim.S.obj
                0x0000000010004790                drsub_shim
                0x0000000010004796                dsub_shim
 .text.dadd_shim
                0x00000000100047a0      0x15c CMakeFiles/audiotest.dir/Users/thetragedyofdarthwise/pico/pico-sdk/src/rp2_common/pico_double/double_v1_rom_shim.S.obj
                0x00000000100047a0                dadd_shim
 .text.dmul_shim
                0x00000000100048fc      0x15c CMakeFiles/audiotest.dir/Users/thetragedyofdarthwise/pico/pico-sdk/src/rp2_common/pico_double/double_v1_rom_shim.S.obj
                0x00000000100048fc                dmul_shim
 .text.ddiv_shim
                0x0000000010004a58      0x1b0 CMakeFiles/audiotest.dir/Users/thetragedyofdarthwise/pico/pico-sdk/src/rp2_common/pico_double/double_v1_rom_shim.S.obj
                0x0000000010004a58                ddiv_shim
 .text.double2uint_shim
                0x0000000010004c08        0xe CMakeFiles/audiotest.dir/Users/thetragedyofdarthwise/pico/pico-sdk/src/rp2_common/pico_double/double_v1_rom_shim.S.obj
                0x0000000010004c08                double2uint_shim
                0x0000000010004c0a                double2ufix_shim
 *fill*         0x0000000010004c16        0x2 
 .text.double2uint64_shim
                0x0000000010004c18       0x70 CMakeFiles/audiotest.dir/Users/thetragedyofdarthwise/pico/pico-sdk/src/rp2_common/pico_double/double_v1_rom_shim.S.obj
                0x0000000010004c18                double2uint64_shim
                0x0000000010004c1a                double2ufix64_shim
                0x0000000010004c3a                d2fix_a
 .text.double2float_shim
                0x0000000010004c88       0x5c CMakeFiles/audiotest.dir/Users/thetragedyofdarthwise/pico/pico-sdk/src/rp2_common/pico_double/double_v1_rom_shim.S.obj
                0x0000000010004c88                double2float_shim
 .text.dunpacks
                0x0000000010004ce4       0x3c CMakeFiles/audiotest.dir/Users/thetragedyofdarthwise/pico/pico-sdk/src/rp2_common/pico_double/double_v1_rom_shim.S.obj
                0x0000000010004ce4                dunpacks
 .text.__aeabi_lmul
                0x0000000010004d20       0x32 CMakeFiles/audiotest.dir/Users/thetragedyofdarthwise/pico/pico-sdk/src/rp2_common/pico_int64_ops/pico_int64_ops_aeabi.S.obj
                0x0000000010004d20                __wrap___aeabi_lmul
 *fill*         0x0000000010004d52        0x2 
 .text.__wrap___aeabi_farithmetic
                0x0000000010004d54       0x48 CMakeFiles/audiotest.dir/Users/thetragedyofdarthwise/pico/pico-sdk/src/rp2_common/pico_float/float_aeabi.S.obj
                0x0000000010004d54                __wrap___aeabi_frsub
                0x0000000010004d5a                __wrap___aeabi_fsub
                0x0000000010004d60                __wrap___aeabi_fadd
                0x0000000010004d66                __wrap___aeabi_fdiv
                0x0000000010004d8e                __wrap___aeabi_fmul
 .text.__wrap___aeabi_cfcmple
                0x0000000010004d9c       0x50 CMakeFiles/audiotest.dir/Users/thetragedyofdarthwise/pico/pico-sdk/src/rp2_common/pico_float/float_aeabi.S.obj
                0x0000000010004d9c                __wrap___aeabi_cfrcmple
                0x0000000010004da8                __wrap___aeabi_cfcmpeq
                0x0000000010004da8                __wrap___aeabi_cfcmple
 .text.__wrap___aeabi_fcmpeq
                0x0000000010004dec       0x10 CMakeFiles/audiotest.dir/Users/thetragedyofdarthwise/pico/pico-sdk/src/rp2_common/pico_float/float_aeabi.S.obj
                0x0000000010004dec                __wrap___aeabi_fcmpeq
 .text.__wrap___aeabi_ui2f
                0x0000000010004dfc        0xa CMakeFiles/audiotest.dir/Users/thetragedyofdarthwise/pico/pico-sdk/src/rp2_common/pico_float/float_aeabi.S.obj
                0x0000000010004dfc                __wrap___aeabi_ui2f
 *fill*         0x0000000010004e06        0x2 
 .text.__wrap___aeabi_i2f
                0x0000000010004e08       0x44 CMakeFiles/audiotest.dir/Users/thetragedyofdarthwise/pico/pico-sdk/src/rp2_common/pico_float/float_aeabi.S.obj
                0x0000000010004e08                __wrap___aeabi_i2f
 .text.__wrap___aeabi_f2iz
                0x0000000010004e4c       0x4e CMakeFiles/audiotest.dir/Users/thetragedyofdarthwise/pico/pico-sdk/src/rp2_common/pico_float/float_aeabi.S.obj
                0x0000000010004e4c                __wrap___aeabi_f2iz
                0x0000000010004e4c                float2int_z
 *fill*         0x0000000010004e9a        0x2 
 .text.float2int
                0x0000000010004e9c       0x14 CMakeFiles/audiotest.dir/Users/thetragedyofdarthwise/pico/pico-sdk/src/rp2_common/pico_float/float_aeabi.S.obj
                0x0000000010004e9c                float2int
 .text.__wrap___aeabi_f2uiz
                0x0000000010004eb0        0xc CMakeFiles/audiotest.dir/Users/thetragedyofdarthwise/pico/pico-sdk/src/rp2_common/pico_float/float_aeabi.S.obj
                0x0000000010004eb0                __wrap___aeabi_f2uiz
 .text.fix2float
                0x0000000010004ebc        0xc CMakeFiles/audiotest.dir/Users/thetragedyofdarthwise/pico/pico-sdk/src/rp2_common/pico_float/float_aeabi.S.obj
                0x0000000010004ebc                fix2float
 .text.__wrap___aeabi_f2d
                0x0000000010004ec8       0x14 CMakeFiles/audiotest.dir/Users/thetragedyofdarthwise/pico/pico-sdk/src/rp2_common/pico_float/float_aeabi.S.obj
                0x0000000010004ec8                __wrap___aeabi_f2d
 .text.__wrap_cosf
                0x0000000010004edc       0x24 CMakeFiles/audiotest.dir/Users/thetragedyofdarthwise/pico/pico-sdk/src/rp2_common/pico_float/float_aeabi.S.obj
                0x0000000010004edc                __wrap_cosf
 .text.__wrap_sinf
                0x0000000010004f00       0x24 CMakeFiles/audiotest.dir/Users/thetragedyofdarthwise/pico/pico-sdk/src/rp2_common/pico_float/float_aeabi.S.obj
                0x0000000010004f00                __wrap_sinf
 .text.__aeabi_float_init
                0x0000000010004f24       0x64 CMakeFiles/audiotest.dir/Users/thetragedyofdarthwise/pico/pico-sdk/src/rp2_common/pico_float/float_init_rom.c.obj
                0x0000000010004f24                __aeabi_float_init
 .text.__wrap_remquof
                0x0000000010004f88      0x14c CMakeFiles/audiotest.dir/Users/thetragedyofdarthwise/pico/pico-sdk/src/rp2_common/pico_float/float_math.c.obj
                0x0000000010004f88                __wrap_remquof
 .text.__wrap_remainderf
                0x00000000100050d4        0xc CMakeFiles/audiotest.dir/Users/thetragedyofdarthwise/pico/pico-sdk/src/rp2_common/pico_float/float_math.c.obj
                0x00000000100050d4                __wrap_remainderf
 .text.float_table_shim_on_use_helper
                0x00000000100050e0       0x2c CMakeFiles/audiotest.dir/Users/thetragedyofdarthwise/pico/pico-sdk/src/rp2_common/pico_float/float_v1_rom_shim.S.obj
                0x00000000100050e0                float_table_shim_on_use_helper
 .text.float232_shims
                0x000000001000510c       0x18 CMakeFiles/audiotest.dir/Users/thetragedyofdarthwise/pico/pico-sdk/src/rp2_common/pico_float/float_v1_rom_shim.S.obj
                0x000000001000510c                float2int_shim
                0x000000001000510e                float2fix_shim
 .text.float2double_shim
                0x0000000010005124       0x30 CMakeFiles/audiotest.dir/Users/thetragedyofdarthwise/pico/pico-sdk/src/rp2_common/pico_float/float_v1_rom_shim.S.obj
                0x0000000010005124                float2double_shim
 .text          0x0000000010005154       0x10 CMakeFiles/audiotest.dir/Users/thetragedyofdarthwise/pico/pico-sdk/src/rp2_common/pico_mem_ops/mem_ops_aeabi.S.obj
                0x0000000010005154                __aeabi_mem_init
 .text.memset   0x0000000010005164        0xc CMakeFiles/audiotest.dir/Users/thetragedyofdarthwise/pico/pico-sdk/src/rp2_common/pico_mem_ops/mem_ops_aeabi.S.obj
                0x0000000010005164                __wrap_memset
 .text.memcpy   0x0000000010005170        0xc CMakeFiles/audiotest.dir/Users/thetragedyofdarthwise/pico/pico-sdk/src/rp2_common/pico_mem_ops/mem_ops_aeabi.S.obj
                0x0000000010005170                __wrap___aeabi_memcpy
                0x0000000010005170                __wrap_memcpy
 .text.stdio_out_chars_no_crlf
                0x000000001000517c       0x10 CMakeFiles/audiotest.dir/Users/thetragedyofdarthwise/pico/pico-sdk/src/rp2_common/pico_stdio/stdio.c.obj
 .text.stdio_out_chars_crlf
                0x000000001000518c       0xb4 CMakeFiles/audiotest.dir/Users/thetragedyofdarthwise/pico/pico-sdk/src/rp2_common/pico_stdio/stdio.c.obj
 .text.stdio_buffered_printer
                0x0000000010005240       0x64 CMakeFiles/audiotest.dir/Users/thetragedyofdarthwise/pico/pico-sdk/src/rp2_common/pico_stdio/stdio.c.obj
 .text.stdio_put_string.isra.0
                0x00000000100052a4       0xfc CMakeFiles/audiotest.dir/Users/thetragedyofdarthwise/pico/pico-sdk/src/rp2_common/pico_stdio/stdio.c.obj
 .text.__wrap_putchar
                0x00000000100053a0       0x98 CMakeFiles/audiotest.dir/Users/thetragedyofdarthwise/pico/pico-sdk/src/rp2_common/pico_stdio/stdio.c.obj
                0x00000000100053a0                __wrap_putchar
 .text.__wrap_puts
                0x0000000010005438       0x3c CMakeFiles/audiotest.dir/Users/thetragedyofdarthwise/pico/pico-sdk/src/rp2_common/pico_stdio/stdio.c.obj
                0x0000000010005438                __wrap_puts
 .text.stdio_set_driver_enabled
                0x0000000010005474       0x30 CMakeFiles/audiotest.dir/Users/thetragedyofdarthwise/pico/pico-sdk/src/rp2_common/pico_stdio/stdio.c.obj
                0x0000000010005474                stdio_set_driver_enabled
 .text.__wrap_vprintf
                0x00000000100054a4       0xd8 CMakeFiles/audiotest.dir/Users/thetragedyofdarthwise/pico/pico-sdk/src/rp2_common/pico_stdio/stdio.c.obj
                0x00000000100054a4                __wrap_vprintf
 .text.__wrap_printf
                0x000000001000557c       0x18 CMakeFiles/audiotest.dir/Users/thetragedyofdarthwise/pico/pico-sdk/src/rp2_common/pico_stdio/stdio.c.obj
                0x000000001000557c                __wrap_printf
 .text.stdio_init_all
                0x0000000010005594        0x8 CMakeFiles/audiotest.dir/Users/thetragedyofdarthwise/pico/pico-sdk/src/rp2_common/pico_stdio/stdio.c.obj
                0x0000000010005594                stdio_init_all
 .text.resetd_init
                0x000000001000559c        0x4 CMakeFiles/audiotest.dir/Users/thetragedyofdarthwise/pico/pico-sdk/src/rp2_common/pico_stdio_usb/reset_interface.c.obj
 .text.resetd_reset
                0x00000000100055a0        0xc CMakeFiles/audiotest.dir/Users/thetragedyofdarthwise/pico/pico-sdk/src/rp2_common/pico_stdio_usb/reset_interface.c.obj
 .text.resetd_open
                0x00000000100055ac       0x28 CMakeFiles/audiotest.dir/Users/thetragedyofdarthwise/pico/pico-sdk/src/rp2_common/pico_stdio_usb/reset_interface.c.obj
 .text.resetd_xfer_cb
                0x00000000100055d4        0x4 CMakeFiles/audiotest.dir/Users/thetragedyofdarthwise/pico/pico-sdk/src/rp2_common/pico_stdio_usb/reset_interface.c.obj
 .text.resetd_control_xfer_cb
                0x00000000100055d8       0x64 CMakeFiles/audiotest.dir/Users/thetragedyofdarthwise/pico/pico-sdk/src/rp2_common/pico_stdio_usb/reset_interface.c.obj
 .text.usbd_app_driver_get_cb
                0x000000001000563c        0xc CMakeFiles/audiotest.dir/Users/thetragedyofdarthwise/pico/pico-sdk/src/rp2_common/pico_stdio_usb/reset_interface.c.obj
                0x000000001000563c                usbd_app_driver_get_cb
 .text.tud_cdc_line_coding_cb
                0x0000000010005648       0x34 CMakeFiles/audiotest.dir/Users/thetragedyofdarthwise/pico/pico-sdk/src/rp2_common/pico_stdio_usb/reset_interface.c.obj
                0x0000000010005648                tud_cdc_line_coding_cb
 .text.stdio_usb_set_chars_available_callback
                0x000000001000567c       0x14 CMakeFiles/audiotest.dir/Users/thetragedyofdarthwise/pico/pico-sdk/src/rp2_common/pico_stdio_usb/stdio_usb.c.obj
                0x000000001000567c                stdio_usb_set_chars_available_callback
 .text.usb_irq  0x0000000010005690       0x10 CMakeFiles/audiotest.dir/Users/thetragedyofdarthwise/pico/pico-sdk/src/rp2_common/pico_stdio_usb/stdio_usb.c.obj
 .text.timer_task
                0x00000000100056a0       0x54 CMakeFiles/audiotest.dir/Users/thetragedyofdarthwise/pico/pico-sdk/src/rp2_common/pico_stdio_usb/stdio_usb.c.obj
 .text.stdio_usb_in_chars
                0x00000000100056f4       0x90 CMakeFiles/audiotest.dir/Users/thetragedyofdarthwise/pico/pico-sdk/src/rp2_common/pico_stdio_usb/stdio_usb.c.obj
                0x00000000100056f4                stdio_usb_in_chars
 .text.stdio_usb_out_chars
                0x0000000010005784      0x100 CMakeFiles/audiotest.dir/Users/thetragedyofdarthwise/pico/pico-sdk/src/rp2_common/pico_stdio_usb/stdio_usb.c.obj
 .text.low_priority_worker_irq
                0x0000000010005884       0xa8 CMakeFiles/audiotest.dir/Users/thetragedyofdarthwise/pico/pico-sdk/src/rp2_common/pico_stdio_usb/stdio_usb.c.obj
 .text.tud_cdc_rx_cb
                0x000000001000592c       0x20 CMakeFiles/audiotest.dir/Users/thetragedyofdarthwise/pico/pico-sdk/src/rp2_common/pico_stdio_usb/stdio_usb.c.obj
                0x000000001000592c                tud_cdc_rx_cb
 .text.stdio_usb_init
                0x000000001000594c       0xdc CMakeFiles/audiotest.dir/Users/thetragedyofdarthwise/pico/pico-sdk/src/rp2_common/pico_stdio_usb/stdio_usb.c.obj
                0x000000001000594c                stdio_usb_init
 .text.tud_descriptor_device_cb
                0x0000000010005a28        0x8 CMakeFiles/audiotest.dir/Users/thetragedyofdarthwise/pico/pico-sdk/src/rp2_common/pico_stdio_usb/stdio_usb_descriptors.c.obj
                0x0000000010005a28                tud_descriptor_device_cb
 .text.tud_descriptor_configuration_cb
                0x0000000010005a30        0x8 CMakeFiles/audiotest.dir/Users/thetragedyofdarthwise/pico/pico-sdk/src/rp2_common/pico_stdio_usb/stdio_usb_descriptors.c.obj
                0x0000000010005a30                tud_descriptor_configuration_cb
 .text.tud_descriptor_string_cb
                0x0000000010005a38       0x74 CMakeFiles/audiotest.dir/Users/thetragedyofdarthwise/pico/pico-sdk/src/rp2_common/pico_stdio_usb/stdio_usb_descriptors.c.obj
                0x0000000010005a38                tud_descriptor_string_cb
 .text.startup._retrieve_unique_id_on_boot
                0x0000000010005aac       0x10 CMakeFiles/audiotest.dir/Users/thetragedyofdarthwise/pico/pico-sdk/src/rp2_common/pico_unique_id/unique_id.c.obj
 .text.pico_get_unique_board_id_string
                0x0000000010005abc      0x1a8 CMakeFiles/audiotest.dir/Users/thetragedyofdarthwise/pico/pico-sdk/src/rp2_common/pico_unique_id/unique_id.c.obj
                0x0000000010005abc                pico_get_unique_board_id_string
 .text.flash_get_unique_id
                0x0000000010005c64       0x40 CMakeFiles/audiotest.dir/Users/thetragedyofdarthwise/pico/pico-sdk/src/rp2_common/hardware_flash/flash.c.obj
                0x0000000010005c64                flash_get_unique_id
 .text.dcd_int_enable
                0x0000000010005ca4        0xc CMakeFiles/audiotest.dir/Users/thetragedyofdarthwise/pico/pico-sdk/lib/tinyusb/src/portable/raspberrypi/rp2040/dcd_rp2040.c.obj
                0x0000000010005ca4                dcd_int_enable
 .text.dcd_set_address
                0x0000000010005cb0       0x14 CMakeFiles/audiotest.dir/Users/thetragedyofdarthwise/pico/pico-sdk/lib/tinyusb/src/portable/raspberrypi/rp2040/dcd_rp2040.c.obj
                0x0000000010005cb0                dcd_set_address
 .text.dcd_connect
                0x0000000010005cc4       0x10 CMakeFiles/audiotest.dir/Users/thetragedyofdarthwise/pico/pico-sdk/lib/tinyusb/src/portable/raspberrypi/rp2040/dcd_rp2040.c.obj
                0x0000000010005cc4                dcd_connect
 .text.dcd_init
                0x0000000010005cd4       0x98 CMakeFiles/audiotest.dir/Users/thetragedyofdarthwise/pico/pico-sdk/lib/tinyusb/src/portable/raspberrypi/rp2040/dcd_rp2040.c.obj
                0x0000000010005cd4                dcd_init
 .text.dcd_edpt0_status_complete
                0x0000000010005d6c       0x1c CMakeFiles/audiotest.dir/Users/thetragedyofdarthwise/pico/pico-sdk/lib/tinyusb/src/portable/raspberrypi/rp2040/dcd_rp2040.c.obj
                0x0000000010005d6c                dcd_edpt0_status_complete
 .text.dcd_edpt_open
                0x0000000010005d88      0x108 CMakeFiles/audiotest.dir/Users/thetragedyofdarthwise/pico/pico-sdk/lib/tinyusb/src/portable/raspberrypi/rp2040/dcd_rp2040.c.obj
                0x0000000010005d88                dcd_edpt_open
 .text.dcd_edpt_close_all
                0x0000000010005e90        0x8 CMakeFiles/audiotest.dir/Users/thetragedyofdarthwise/pico/pico-sdk/lib/tinyusb/src/portable/raspberrypi/rp2040/dcd_rp2040.c.obj
                0x0000000010005e90                dcd_edpt_close_all
 .text.dcd_edpt_xfer
                0x0000000010005e98       0x24 CMakeFiles/audiotest.dir/Users/thetragedyofdarthwise/pico/pico-sdk/lib/tinyusb/src/portable/raspberrypi/rp2040/dcd_rp2040.c.obj
                0x0000000010005e98                dcd_edpt_xfer
 .text.dcd_edpt_stall
                0x0000000010005ebc       0x38 CMakeFiles/audiotest.dir/Users/thetragedyofdarthwise/pico/pico-sdk/lib/tinyusb/src/portable/raspberrypi/rp2040/dcd_rp2040.c.obj
                0x0000000010005ebc                dcd_edpt_stall
 .text.dcd_edpt_clear_stall
                0x0000000010005ef4       0x30 CMakeFiles/audiotest.dir/Users/thetragedyofdarthwise/pico/pico-sdk/lib/tinyusb/src/portable/raspberrypi/rp2040/dcd_rp2040.c.obj
                0x0000000010005ef4                dcd_edpt_clear_stall
 .text.rp2040_usb_init
                0x0000000010005f24       0x4c CMakeFiles/audiotest.dir/Users/thetragedyofdarthwise/pico/pico-sdk/lib/tinyusb/src/portable/raspberrypi/rp2040/rp2040_usb.c.obj
                0x0000000010005f24                rp2040_usb_init
 .text.hw_endpoint_xfer_start
                0x0000000010005f70       0x50 CMakeFiles/audiotest.dir/Users/thetragedyofdarthwise/pico/pico-sdk/lib/tinyusb/src/portable/raspberrypi/rp2040/rp2040_usb.c.obj
                0x0000000010005f70                hw_endpoint_xfer_start
 .text.tud_mounted
                0x0000000010005fc0       0x10 CMakeFiles/audiotest.dir/Users/thetragedyofdarthwise/pico/pico-sdk/lib/tinyusb/src/device/usbd.c.obj
                0x0000000010005fc0                tud_mounted
 .text.tud_suspended
                0x0000000010005fd0       0x10 CMakeFiles/audiotest.dir/Users/thetragedyofdarthwise/pico/pico-sdk/lib/tinyusb/src/device/usbd.c.obj
                0x0000000010005fd0                tud_suspended
 .text.tud_inited
                0x0000000010005fe0       0x14 CMakeFiles/audiotest.dir/Users/thetragedyofdarthwise/pico/pico-sdk/lib/tinyusb/src/device/usbd.c.obj
                0x0000000010005fe0                tud_inited
 .text.tud_init
                0x0000000010005ff4       0xe4 CMakeFiles/audiotest.dir/Users/thetragedyofdarthwise/pico/pico-sdk/lib/tinyusb/src/device/usbd.c.obj
                0x0000000010005ff4                tud_init
 .text.tud_task_ext
                0x00000000100060d8      0x854 CMakeFiles/audiotest.dir/Users/thetragedyofdarthwise/pico/pico-sdk/lib/tinyusb/src/device/usbd.c.obj
                0x00000000100060d8                tud_task_ext
 .text.usbd_open_edpt_pair
                0x000000001000692c       0x9c CMakeFiles/audiotest.dir/Users/thetragedyofdarthwise/pico/pico-sdk/lib/tinyusb/src/device/usbd.c.obj
                0x000000001000692c                usbd_open_edpt_pair
 .text.usbd_defer_func
                0x00000000100069c8       0x48 CMakeFiles/audiotest.dir/Users/thetragedyofdarthwise/pico/pico-sdk/lib/tinyusb/src/device/usbd.c.obj
                0x00000000100069c8                usbd_defer_func
 .text.usbd_edpt_open
                0x0000000010006a10       0x34 CMakeFiles/audiotest.dir/Users/thetragedyofdarthwise/pico/pico-sdk/lib/tinyusb/src/device/usbd.c.obj
                0x0000000010006a10                usbd_edpt_open
 .text.usbd_edpt_claim
                0x0000000010006a44       0x28 CMakeFiles/audiotest.dir/Users/thetragedyofdarthwise/pico/pico-sdk/lib/tinyusb/src/device/usbd.c.obj
                0x0000000010006a44                usbd_edpt_claim
 .text.usbd_edpt_release
                0x0000000010006a6c       0x28 CMakeFiles/audiotest.dir/Users/thetragedyofdarthwise/pico/pico-sdk/lib/tinyusb/src/device/usbd.c.obj
                0x0000000010006a6c                usbd_edpt_release
 .text.usbd_edpt_xfer
                0x0000000010006a94       0x4c CMakeFiles/audiotest.dir/Users/thetragedyofdarthwise/pico/pico-sdk/lib/tinyusb/src/device/usbd.c.obj
                0x0000000010006a94                usbd_edpt_xfer
 .text.tud_control_status
                0x0000000010006ae0       0x30 CMakeFiles/audiotest.dir/Users/thetragedyofdarthwise/pico/pico-sdk/lib/tinyusb/src/device/usbd_control.c.obj
                0x0000000010006ae0                tud_control_status
 .text.tud_control_xfer
                0x0000000010006b10       0xbc CMakeFiles/audiotest.dir/Users/thetragedyofdarthwise/pico/pico-sdk/lib/tinyusb/src/device/usbd_control.c.obj
                0x0000000010006b10                tud_control_xfer
 .text.usbd_control_reset
                0x0000000010006bcc       0x14 CMakeFiles/audiotest.dir/Users/thetragedyofdarthwise/pico/pico-sdk/lib/tinyusb/src/device/usbd_control.c.obj
                0x0000000010006bcc                usbd_control_reset
 .text.usbd_control_set_complete_callback
                0x0000000010006be0        0xc CMakeFiles/audiotest.dir/Users/thetragedyofdarthwise/pico/pico-sdk/lib/tinyusb/src/device/usbd_control.c.obj
                0x0000000010006be0                usbd_control_set_complete_callback
 .text.usbd_control_set_request
                0x0000000010006bec       0x1c CMakeFiles/audiotest.dir/Users/thetragedyofdarthwise/pico/pico-sdk/lib/tinyusb/src/device/usbd_control.c.obj
                0x0000000010006bec                usbd_control_set_request
 .text.usbd_control_xfer_cb
                0x0000000010006c08       0xfc CMakeFiles/audiotest.dir/Users/thetragedyofdarthwise/pico/pico-sdk/lib/tinyusb/src/device/usbd_control.c.obj
                0x0000000010006c08                usbd_control_xfer_cb
 .text.tud_cdc_n_connected
                0x0000000010006d04       0x30 CMakeFiles/audiotest.dir/Users/thetragedyofdarthwise/pico/pico-sdk/lib/tinyusb/src/class/cdc/cdc_device.c.obj
                0x0000000010006d04                tud_cdc_n_connected
 .text.tud_cdc_n_available
                0x0000000010006d34       0x18 CMakeFiles/audiotest.dir/Users/thetragedyofdarthwise/pico/pico-sdk/lib/tinyusb/src/class/cdc/cdc_device.c.obj
                0x0000000010006d34                tud_cdc_n_available
 .text.tud_cdc_n_read
                0x0000000010006d4c       0x70 CMakeFiles/audiotest.dir/Users/thetragedyofdarthwise/pico/pico-sdk/lib/tinyusb/src/class/cdc/cdc_device.c.obj
                0x0000000010006d4c                tud_cdc_n_read
 .text.tud_cdc_n_write_flush
                0x0000000010006dbc       0x78 CMakeFiles/audiotest.dir/Users/thetragedyofdarthwise/pico/pico-sdk/lib/tinyusb/src/class/cdc/cdc_device.c.obj
                0x0000000010006dbc                tud_cdc_n_write_flush
 .text.tud_cdc_n_write
                0x0000000010006e34       0x34 CMakeFiles/audiotest.dir/Users/thetragedyofdarthwise/pico/pico-sdk/lib/tinyusb/src/class/cdc/cdc_device.c.obj
                0x0000000010006e34                tud_cdc_n_write
 .text.tud_cdc_n_write_available
                0x0000000010006e68       0x18 CMakeFiles/audiotest.dir/Users/thetragedyofdarthwise/pico/pico-sdk/lib/tinyusb/src/class/cdc/cdc_device.c.obj
                0x0000000010006e68                tud_cdc_n_write_available
 .text.cdcd_init
                0x0000000010006e80       0x7c CMakeFiles/audiotest.dir/Users/thetragedyofdarthwise/pico/pico-sdk/lib/tinyusb/src/class/cdc/cdc_device.c.obj
                0x0000000010006e80                cdcd_init
 .text.cdcd_reset
                0x0000000010006efc       0x2c CMakeFiles/audiotest.dir/Users/thetragedyofdarthwise/pico/pico-sdk/lib/tinyusb/src/class/cdc/cdc_device.c.obj
                0x0000000010006efc                cdcd_reset
 .text.cdcd_open
                0x0000000010006f28       0xe8 CMakeFiles/audiotest.dir/Users/thetragedyofdarthwise/pico/pico-sdk/lib/tinyusb/src/class/cdc/cdc_device.c.obj
                0x0000000010006f28                cdcd_open
 .text.cdcd_control_xfer_cb
                0x0000000010007010       0xe4 CMakeFiles/audiotest.dir/Users/thetragedyofdarthwise/pico/pico-sdk/lib/tinyusb/src/class/cdc/cdc_device.c.obj
                0x0000000010007010                cdcd_control_xfer_cb
 .text.cdcd_xfer_cb
                0x00000000100070f4      0x148 CMakeFiles/audiotest.dir/Users/thetragedyofdarthwise/pico/pico-sdk/lib/tinyusb/src/class/cdc/cdc_device.c.obj
                0x00000000100070f4                cdcd_xfer_cb
 .text.tusb_init
                0x000000001000723c        0xc CMakeFiles/audiotest.dir/Users/thetragedyofdarthwise/pico/pico-sdk/lib/tinyusb/src/tusb.c.obj
                0x000000001000723c                tusb_init
 .text.tusb_inited
                0x0000000010007248        0x8 CMakeFiles/audiotest.dir/Users/thetragedyofdarthwise/pico/pico-sdk/lib/tinyusb/src/tusb.c.obj
                0x0000000010007248                tusb_inited
 .text.tu_edpt_claim
                0x0000000010007250       0x50 CMakeFiles/audiotest.dir/Users/thetragedyofdarthwise/pico/pico-sdk/lib/tinyusb/src/tusb.c.obj
                0x0000000010007250                tu_edpt_claim
 .text.tu_edpt_release
                0x00000000100072a0       0x38 CMakeFiles/audiotest.dir/Users/thetragedyofdarthwise/pico/pico-sdk/lib/tinyusb/src/tusb.c.obj
                0x00000000100072a0                tu_edpt_release
 .text.tu_edpt_validate
                0x00000000100072d8       0x78 CMakeFiles/audiotest.dir/Users/thetragedyofdarthwise/pico/pico-sdk/lib/tinyusb/src/tusb.c.obj
                0x00000000100072d8                tu_edpt_validate
 .text.tu_edpt_bind_driver
                0x0000000010007350       0x34 CMakeFiles/audiotest.dir/Users/thetragedyofdarthwise/pico/pico-sdk/lib/tinyusb/src/tusb.c.obj
                0x0000000010007350                tu_edpt_bind_driver
 .text.tu_fifo_config
                0x0000000010007384       0x70 CMakeFiles/audiotest.dir/Users/thetragedyofdarthwise/pico/pico-sdk/lib/tinyusb/src/common/tusb_fifo.c.obj
                0x0000000010007384                tu_fifo_config
 .text.tu_fifo_count
                0x00000000100073f4       0x2c CMakeFiles/audiotest.dir/Users/thetragedyofdarthwise/pico/pico-sdk/lib/tinyusb/src/common/tusb_fifo.c.obj
                0x00000000100073f4                tu_fifo_count
 .text.tu_fifo_empty
                0x0000000010007420       0x10 CMakeFiles/audiotest.dir/Users/thetragedyofdarthwise/pico/pico-sdk/lib/tinyusb/src/common/tusb_fifo.c.obj
                0x0000000010007420                tu_fifo_empty
 .text.tu_fifo_remaining
                0x0000000010007430       0x2c CMakeFiles/audiotest.dir/Users/thetragedyofdarthwise/pico/pico-sdk/lib/tinyusb/src/common/tusb_fifo.c.obj
                0x0000000010007430                tu_fifo_remaining
 .text.tu_fifo_read
                0x000000001000745c       0xa0 CMakeFiles/audiotest.dir/Users/thetragedyofdarthwise/pico/pico-sdk/lib/tinyusb/src/common/tusb_fifo.c.obj
                0x000000001000745c                tu_fifo_read
 .text.tu_fifo_read_n
                0x00000000100074fc       0xec CMakeFiles/audiotest.dir/Users/thetragedyofdarthwise/pico/pico-sdk/lib/tinyusb/src/common/tusb_fifo.c.obj
                0x00000000100074fc                tu_fifo_read_n
 .text.tu_fifo_write
                0x00000000100075e8       0x88 CMakeFiles/audiotest.dir/Users/thetragedyofdarthwise/pico/pico-sdk/lib/tinyusb/src/common/tusb_fifo.c.obj
                0x00000000100075e8                tu_fifo_write
 .text.tu_fifo_write_n
                0x0000000010007670      0x168 CMakeFiles/audiotest.dir/Users/thetragedyofdarthwise/pico/pico-sdk/lib/tinyusb/src/common/tusb_fifo.c.obj
                0x0000000010007670                tu_fifo_write_n
 .text.tu_fifo_clear
                0x00000000100077d8       0x40 CMakeFiles/audiotest.dir/Users/thetragedyofdarthwise/pico/pico-sdk/lib/tinyusb/src/common/tusb_fifo.c.obj
                0x00000000100077d8                tu_fifo_clear
 .text.tu_fifo_set_overwritable
                0x0000000010007818       0x48 CMakeFiles/audiotest.dir/Users/thetragedyofdarthwise/pico/pico-sdk/lib/tinyusb/src/common/tusb_fifo.c.obj
                0x0000000010007818                tu_fifo_set_overwritable
 .text.pio_claim_unused_sm
                0x0000000010007860       0x3c CMakeFiles/audiotest.dir/Users/thetragedyofdarthwise/pico/pico-sdk/src/rp2_common/hardware_pio/pio.c.obj
                0x0000000010007860                pio_claim_unused_sm
 .text.pio_add_program
                0x000000001000789c       0xc8 CMakeFiles/audiotest.dir/Users/thetragedyofdarthwise/pico/pico-sdk/src/rp2_common/hardware_pio/pio.c.obj
                0x000000001000789c                pio_add_program
 .text.pio_sm_set_pins_with_mask
                0x0000000010007964       0xa4 CMakeFiles/audiotest.dir/Users/thetragedyofdarthwise/pico/pico-sdk/src/rp2_common/hardware_pio/pio.c.obj
                0x0000000010007964                pio_sm_set_pins_with_mask
 .text.pio_sm_set_pindirs_with_mask
                0x0000000010007a08       0xa4 CMakeFiles/audiotest.dir/Users/thetragedyofdarthwise/pico/pico-sdk/src/rp2_common/hardware_pio/pio.c.obj
                0x0000000010007a08                pio_sm_set_pindirs_with_mask
 .text.pio_sm_init
                0x0000000010007aac       0x8c CMakeFiles/audiotest.dir/Users/thetragedyofdarthwise/pico/pico-sdk/src/rp2_common/hardware_pio/pio.c.obj
                0x0000000010007aac                pio_sm_init
 .text.dma_claim_unused_channel
                0x0000000010007b38       0x20 CMakeFiles/audiotest.dir/Users/thetragedyofdarthwise/pico/pico-sdk/src/rp2_common/hardware_dma/dma.c.obj
                0x0000000010007b38                dma_claim_unused_channel
 .text.i2c_set_baudrate
                0x0000000010007b58       0xc4 CMakeFiles/audiotest.dir/Users/thetragedyofdarthwise/pico/pico-sdk/src/rp2_common/hardware_i2c/i2c.c.obj
                0x0000000010007b58                i2c_set_baudrate
 .text.i2c_init
                0x0000000010007c1c       0x54 CMakeFiles/audiotest.dir/Users/thetragedyofdarthwise/pico/pico-sdk/src/rp2_common/hardware_i2c/i2c.c.obj
                0x0000000010007c1c                i2c_init
 .text.strlen   0x0000000010007c70       0x5c /opt/homebrew/Cellar/arm-none-eabi-gcc/10.3-2021.07/gcc/bin/../lib/gcc/arm-none-eabi/10.3.1/../../../../arm-none-eabi/lib/thumb/v6-m/nofp/libc.a(lib_a-strlen-stub.o)
                0x0000000010007c70                strlen
 *(.fini)
 .fini          0x0000000010007ccc        0x4 /opt/homebrew/Cellar/arm-none-eabi-gcc/10.3-2021.07/gcc/bin/../lib/gcc/arm-none-eabi/10.3.1/thumb/v6-m/nofp/crti.o
                0x0000000010007ccc                _fini
 .fini.__stub   0x0000000010007cd0       0xe0 linker stubs
 *crtbegin.o(.ctors)
 *crtbegin?.o(.ctors)
 *(EXCLUDE_FILE(*crtend.o *crtend?.o) .ctors)
 *(SORT_BY_NAME(.ctors.*))
 *(.ctors)
 *crtbegin.o(.dtors)
 *crtbegin?.o(.dtors)
 *(EXCLUDE_FILE(*crtend.o *crtend?.o) .dtors)
 *(SORT_BY_NAME(.dtors.*))
 *(.dtors)
 *(.eh_frame*)
 .eh_frame      0x0000000010007db0        0x0 /opt/homebrew/Cellar/arm-none-eabi-gcc/10.3-2021.07/gcc/bin/../lib/gcc/arm-none-eabi/10.3.1/thumb/v6-m/nofp/crtbegin.o
                0x0000000010007db0                . = ALIGN (0x4)

.glue_7         0x0000000010007db0        0x0
 .glue_7        0x0000000010007db0        0x0 linker stubs

.glue_7t        0x0000000010007db0        0x0
 .glue_7t       0x0000000010007db0        0x0 linker stubs

.vfp11_veneer   0x0000000010007db0        0x0
 .vfp11_veneer  0x0000000010007db0        0x0 linker stubs

.v4_bx          0x0000000010007db0        0x0
 .v4_bx         0x0000000010007db0        0x0 linker stubs

.iplt           0x0000000010007db0        0x0
 .iplt          0x0000000010007db0        0x0 /opt/homebrew/Cellar/arm-none-eabi-gcc/10.3-2021.07/gcc/bin/../lib/gcc/arm-none-eabi/10.3.1/thumb/v6-m/nofp/crtbegin.o

.rodata         0x0000000010007db0      0x6f0
 *(EXCLUDE_FILE(*libm.a: *libc.a:*lib_a-mem*.o *libgcc.a:) .rodata*)
 .rodata.main.str1.4
                0x0000000010007db0       0x46 CMakeFiles/audiotest.dir/main.c.obj
 *fill*         0x0000000010007df6        0x2 
 .rodata.i2s_program_start_slaved.str1.4
                0x0000000010007df8       0x29 CMakeFiles/audiotest.dir/i2s.c.obj
 *fill*         0x0000000010007e21        0x3 
 .rodata.i2s_program_start_synched.str1.4
                0x0000000010007e24       0xa1 CMakeFiles/audiotest.dir/i2s.c.obj
 *fill*         0x0000000010007ec5        0x3 
 .rodata.i2s_config_default
                0x0000000010007ec8       0x10 CMakeFiles/audiotest.dir/i2s.c.obj
                0x0000000010007ec8                i2s_config_default
 .rodata.i2s_in_slave_program
                0x0000000010007ed8        0x6 CMakeFiles/audiotest.dir/i2s.c.obj
 *fill*         0x0000000010007ede        0x2 
 .rodata.i2s_in_slave_program_instructions
                0x0000000010007ee0       0x24 CMakeFiles/audiotest.dir/i2s.c.obj
 .rodata.i2s_out_master_program
                0x0000000010007f04        0x6 CMakeFiles/audiotest.dir/i2s.c.obj
 *fill*         0x0000000010007f0a        0x2 
 .rodata.i2s_out_master_program_instructions
                0x0000000010007f0c       0x10 CMakeFiles/audiotest.dir/i2s.c.obj
 .rodata.i2s_sck_program
                0x0000000010007f1c        0x6 CMakeFiles/audiotest.dir/i2s.c.obj
 *fill*         0x0000000010007f22        0x2 
 .rodata.i2s_sck_program_instructions
                0x0000000010007f24        0x4 CMakeFiles/audiotest.dir/i2s.c.obj
 .rodata.spin_lock_claim_unused.str1.4
                0x0000000010007f28       0x1b CMakeFiles/audiotest.dir/Users/thetragedyofdarthwise/pico/pico-sdk/src/rp2_common/hardware_sync/sync.c.obj
 *fill*         0x0000000010007f43        0x1 
 .rodata.user_irq_claim_unused.str1.4
                0x0000000010007f44       0x1b CMakeFiles/audiotest.dir/Users/thetragedyofdarthwise/pico/pico-sdk/src/rp2_common/hardware_irq/irq.c.obj
 *fill*         0x0000000010007f5f        0x1 
 .rodata.hardware_alarm_claim.str1.4
                0x0000000010007f60       0x22 CMakeFiles/audiotest.dir/Users/thetragedyofdarthwise/pico/pico-sdk/src/rp2_common/hardware_timer/timer.c.obj
 *fill*         0x0000000010007f82        0x2 
 .rodata.panic.str1.4
                0x0000000010007f84       0x12 CMakeFiles/audiotest.dir/Users/thetragedyofdarthwise/pico/pico-sdk/src/rp2_common/pico_runtime/runtime.c.obj
 *fill*         0x0000000010007f96        0x2 
 .rodata.hard_assertion_failure.str1.4
                0x0000000010007f98        0xc CMakeFiles/audiotest.dir/Users/thetragedyofdarthwise/pico/pico-sdk/src/rp2_common/pico_runtime/runtime.c.obj
 .rodata._ftoa.str1.4
                0x0000000010007fa4       0x15 CMakeFiles/audiotest.dir/Users/thetragedyofdarthwise/pico/pico-sdk/src/rp2_common/pico_printf/printf.c.obj
 *fill*         0x0000000010007fb9        0x3 
 .rodata._vsnprintf
                0x0000000010007fbc      0x1e0 CMakeFiles/audiotest.dir/Users/thetragedyofdarthwise/pico/pico-sdk/src/rp2_common/pico_printf/printf.c.obj
 *fill*         0x000000001000819c        0x4 
 .rodata.pow10.0
                0x00000000100081a0       0x50 CMakeFiles/audiotest.dir/Users/thetragedyofdarthwise/pico/pico-sdk/src/rp2_common/pico_printf/printf.c.obj
 .rodata.str1.4
                0x00000000100081f0       0x40 CMakeFiles/audiotest.dir/Users/thetragedyofdarthwise/pico/pico-sdk/src/rp2_common/pico_standard_link/binary_info.c.obj
 .rodata.__bi_44
                0x0000000010008230        0xc CMakeFiles/audiotest.dir/Users/thetragedyofdarthwise/pico/pico-sdk/src/rp2_common/pico_standard_link/binary_info.c.obj
 .rodata.__bi_75
                0x000000001000823c        0xc CMakeFiles/audiotest.dir/Users/thetragedyofdarthwise/pico/pico-sdk/src/rp2_common/pico_standard_link/binary_info.c.obj
 .rodata.__bi_81
                0x0000000010008248        0xc CMakeFiles/audiotest.dir/Users/thetragedyofdarthwise/pico/pico-sdk/src/rp2_common/pico_standard_link/binary_info.c.obj
 .rodata.crlf_str.0
                0x0000000010008254        0x2 CMakeFiles/audiotest.dir/Users/thetragedyofdarthwise/pico/pico-sdk/src/rp2_common/pico_stdio/stdio.c.obj
 *fill*         0x0000000010008256        0x2 
 .rodata._resetd_driver
                0x0000000010008258       0x18 CMakeFiles/audiotest.dir/Users/thetragedyofdarthwise/pico/pico-sdk/src/rp2_common/pico_stdio_usb/reset_interface.c.obj
 .rodata.str1.4
                0x0000000010008270       0x13 CMakeFiles/audiotest.dir/Users/thetragedyofdarthwise/pico/pico-sdk/src/rp2_common/pico_stdio_usb/stdio_usb.c.obj
 *fill*         0x0000000010008283        0x1 
 .rodata.__bi_188.0
                0x0000000010008284        0xc CMakeFiles/audiotest.dir/Users/thetragedyofdarthwise/pico/pico-sdk/src/rp2_common/pico_stdio_usb/stdio_usb.c.obj
 .rodata.str1.4
                0x0000000010008290       0x2a CMakeFiles/audiotest.dir/Users/thetragedyofdarthwise/pico/pico-sdk/src/rp2_common/pico_stdio_usb/stdio_usb_descriptors.c.obj
 *fill*         0x00000000100082ba        0x2 
 .rodata.usbd_desc_cfg
                0x00000000100082bc       0x54 CMakeFiles/audiotest.dir/Users/thetragedyofdarthwise/pico/pico-sdk/src/rp2_common/pico_stdio_usb/stdio_usb_descriptors.c.obj
 .rodata.usbd_desc_device
                0x0000000010008310       0x12 CMakeFiles/audiotest.dir/Users/thetragedyofdarthwise/pico/pico-sdk/src/rp2_common/pico_stdio_usb/stdio_usb_descriptors.c.obj
 *fill*         0x0000000010008322        0x2 
 .rodata.usbd_desc_str
                0x0000000010008324       0x18 CMakeFiles/audiotest.dir/Users/thetragedyofdarthwise/pico/pico-sdk/src/rp2_common/pico_stdio_usb/stdio_usb_descriptors.c.obj
 .rodata.str1.4
                0x000000001000833c       0x14 CMakeFiles/audiotest.dir/Users/thetragedyofdarthwise/pico/pico-sdk/lib/tinyusb/src/portable/raspberrypi/rp2040/dcd_rp2040.c.obj
 .rodata.str1.4
                0x0000000010008350       0x53 CMakeFiles/audiotest.dir/Users/thetragedyofdarthwise/pico/pico-sdk/lib/tinyusb/src/portable/raspberrypi/rp2040/rp2040_usb.c.obj
 *fill*         0x00000000100083a3        0x1 
 .rodata.tud_task_ext
                0x00000000100083a4       0x8c CMakeFiles/audiotest.dir/Users/thetragedyofdarthwise/pico/pico-sdk/lib/tinyusb/src/device/usbd.c.obj
 .rodata._usbd_driver
                0x0000000010008430       0x18 CMakeFiles/audiotest.dir/Users/thetragedyofdarthwise/pico/pico-sdk/lib/tinyusb/src/device/usbd.c.obj
 .rodata.pio_claim_unused_sm.str1.4
                0x0000000010008448       0x24 CMakeFiles/audiotest.dir/Users/thetragedyofdarthwise/pico/pico-sdk/src/rp2_common/hardware_pio/pio.c.obj
 .rodata.pio_add_program.str1.4
                0x000000001000846c       0x11 CMakeFiles/audiotest.dir/Users/thetragedyofdarthwise/pico/pico-sdk/src/rp2_common/hardware_pio/pio.c.obj
 *fill*         0x000000001000847d        0x3 
 .rodata.dma_claim_unused_channel.str1.4
                0x0000000010008480       0x1e CMakeFiles/audiotest.dir/Users/thetragedyofdarthwise/pico/pico-sdk/src/rp2_common/hardware_dma/dma.c.obj
                0x00000000100084a0                . = ALIGN (0x4)
 *fill*         0x000000001000849e        0x2 
 *(SORT_BY_ALIGNMENT(SORT_BY_NAME(.flashdata*)))
                0x00000000100084a0                . = ALIGN (0x4)

.rel.dyn        0x00000000100084a0        0x0
 .rel.iplt      0x00000000100084a0        0x0 /opt/homebrew/Cellar/arm-none-eabi-gcc/10.3-2021.07/gcc/bin/../lib/gcc/arm-none-eabi/10.3.1/thumb/v6-m/nofp/crtbegin.o

.ARM.extab
 *(.ARM.extab* .gnu.linkonce.armextab.*)
                0x00000000100084a0                __exidx_start = .

.ARM.exidx
 *(.ARM.exidx* .gnu.linkonce.armexidx.*)
                0x00000000100084a0                __exidx_end = .
                0x00000000100084a0                . = ALIGN (0x4)
                0x00000000100084a0                __binary_info_start = .

.binary_info    0x00000000100084a0       0x20
 *(.binary_info.keep.*)
 .binary_info.keep.__bi_ptr22
                0x00000000100084a0        0x4 CMakeFiles/audiotest.dir/Users/thetragedyofdarthwise/pico/pico-sdk/src/rp2_common/pico_standard_link/binary_info.c.obj
 .binary_info.keep.__bi_ptr30
                0x00000000100084a4        0x4 CMakeFiles/audiotest.dir/Users/thetragedyofdarthwise/pico/pico-sdk/src/rp2_common/pico_standard_link/binary_info.c.obj
 .binary_info.keep.__bi_ptr38
                0x00000000100084a8        0x4 CMakeFiles/audiotest.dir/Users/thetragedyofdarthwise/pico/pico-sdk/src/rp2_common/pico_standard_link/binary_info.c.obj
 .binary_info.keep.__bi_ptr44
                0x00000000100084ac        0x4 CMakeFiles/audiotest.dir/Users/thetragedyofdarthwise/pico/pico-sdk/src/rp2_common/pico_standard_link/binary_info.c.obj
 .binary_info.keep.__bi_ptr50
                0x00000000100084b0        0x4 CMakeFiles/audiotest.dir/Users/thetragedyofdarthwise/pico/pico-sdk/src/rp2_common/pico_standard_link/binary_info.c.obj
 .binary_info.keep.__bi_ptr75
                0x00000000100084b4        0x4 CMakeFiles/audiotest.dir/Users/thetragedyofdarthwise/pico/pico-sdk/src/rp2_common/pico_standard_link/binary_info.c.obj
 .binary_info.keep.__bi_ptr81
                0x00000000100084b8        0x4 CMakeFiles/audiotest.dir/Users/thetragedyofdarthwise/pico/pico-sdk/src/rp2_common/pico_standard_link/binary_info.c.obj
 *(.binary_info.*)
 .binary_info.__bi_ptr188
                0x00000000100084bc        0x4 CMakeFiles/audiotest.dir/Users/thetragedyofdarthwise/pico/pico-sdk/src/rp2_common/pico_stdio_usb/stdio_usb.c.obj
                0x00000000100084c0                __binary_info_end = .
                0x00000000100084c0                . = ALIGN (0x4)
                0x00000000100084c0                __etext = .

.ram_vector_table
                0x0000000020000000       0xc0
 *(.ram_vector_table)
 .ram_vector_table
                0x0000000020000000       0xc0 CMakeFiles/audiotest.dir/Users/thetragedyofdarthwise/pico/pico-sdk/src/rp2_common/pico_runtime/runtime.c.obj
                0x0000000020000000                ram_vector_table

.data           0x00000000200000c0      0xf20 load address 0x00000000100084c0
                0x00000000200000c0                __data_start__ = .
 *(vtable)
 *(.time_critical*)
 .time_critical.mutex_try_enter
                0x00000000200000c0       0x44 CMakeFiles/audiotest.dir/Users/thetragedyofdarthwise/pico/pico-sdk/src/common/pico_sync/mutex.c.obj
                0x00000000200000c0                mutex_try_enter
 .time_critical.mutex_try_enter_block_until
                0x0000000020000104       0x9c CMakeFiles/audiotest.dir/Users/thetragedyofdarthwise/pico/pico-sdk/src/common/pico_sync/mutex.c.obj
                0x0000000020000104                mutex_try_enter_block_until
 .time_critical.mutex_enter_timeout_ms
                0x00000000200001a0       0x90 CMakeFiles/audiotest.dir/Users/thetragedyofdarthwise/pico/pico-sdk/src/common/pico_sync/mutex.c.obj
                0x00000000200001a0                mutex_enter_timeout_ms
 .time_critical.mutex_exit
                0x0000000020000230       0x28 CMakeFiles/audiotest.dir/Users/thetragedyofdarthwise/pico/pico-sdk/src/common/pico_sync/mutex.c.obj
                0x0000000020000230                mutex_exit
 .time_critical.flash_init_boot2_copyout
                0x0000000020000258       0x30 CMakeFiles/audiotest.dir/Users/thetragedyofdarthwise/pico/pico-sdk/src/rp2_common/hardware_flash/flash.c.obj
 .time_critical.flash_enable_xip_via_boot2
                0x0000000020000288       0x10 CMakeFiles/audiotest.dir/Users/thetragedyofdarthwise/pico/pico-sdk/src/rp2_common/hardware_flash/flash.c.obj
 .time_critical.flash_cs_force
                0x0000000020000298       0x38 CMakeFiles/audiotest.dir/Users/thetragedyofdarthwise/pico/pico-sdk/src/rp2_common/hardware_flash/flash.c.obj
 .time_critical.flash_do_cmd
                0x00000000200002d0       0xc4 CMakeFiles/audiotest.dir/Users/thetragedyofdarthwise/pico/pico-sdk/src/rp2_common/hardware_flash/flash.c.obj
                0x00000000200002d0                flash_do_cmd
 .time_critical.reset_non_control_endpoints
                0x0000000020000394       0xbc CMakeFiles/audiotest.dir/Users/thetragedyofdarthwise/pico/pico-sdk/lib/tinyusb/src/portable/raspberrypi/rp2040/dcd_rp2040.c.obj
 .time_critical.hw_handle_buff_status
                0x0000000020000450       0xa8 CMakeFiles/audiotest.dir/Users/thetragedyofdarthwise/pico/pico-sdk/lib/tinyusb/src/portable/raspberrypi/rp2040/dcd_rp2040.c.obj
 .time_critical.dcd_rp2040_irq
                0x00000000200004f8      0x4d8 CMakeFiles/audiotest.dir/Users/thetragedyofdarthwise/pico/pico-sdk/lib/tinyusb/src/portable/raspberrypi/rp2040/dcd_rp2040.c.obj
 .time_critical.e15_is_bulkin_ep
                0x00000000200009d0       0x28 CMakeFiles/audiotest.dir/Users/thetragedyofdarthwise/pico/pico-sdk/lib/tinyusb/src/portable/raspberrypi/rp2040/rp2040_usb.c.obj
 .time_critical.e15_is_critical_frame_period
                0x00000000200009f8       0x34 CMakeFiles/audiotest.dir/Users/thetragedyofdarthwise/pico/pico-sdk/lib/tinyusb/src/portable/raspberrypi/rp2040/rp2040_usb.c.obj
 .time_critical.prepare_ep_buffer
                0x0000000020000a2c       0x70 CMakeFiles/audiotest.dir/Users/thetragedyofdarthwise/pico/pico-sdk/lib/tinyusb/src/portable/raspberrypi/rp2040/rp2040_usb.c.obj
 .time_critical.sync_ep_buffer
                0x0000000020000a9c       0x4c CMakeFiles/audiotest.dir/Users/thetragedyofdarthwise/pico/pico-sdk/lib/tinyusb/src/portable/raspberrypi/rp2040/rp2040_usb.c.obj
 .time_critical._hw_endpoint_xfer_sync
                0x0000000020000ae8       0x28 CMakeFiles/audiotest.dir/Users/thetragedyofdarthwise/pico/pico-sdk/lib/tinyusb/src/portable/raspberrypi/rp2040/rp2040_usb.c.obj
 .time_critical.hw_endpoint_reset_transfer
                0x0000000020000b10        0xc CMakeFiles/audiotest.dir/Users/thetragedyofdarthwise/pico/pico-sdk/lib/tinyusb/src/portable/raspberrypi/rp2040/rp2040_usb.c.obj
                0x0000000020000b10                hw_endpoint_reset_transfer
 .time_critical._hw_endpoint_buffer_control_update32
                0x0000000020000b1c       0x58 CMakeFiles/audiotest.dir/Users/thetragedyofdarthwise/pico/pico-sdk/lib/tinyusb/src/portable/raspberrypi/rp2040/rp2040_usb.c.obj
                0x0000000020000b1c                _hw_endpoint_buffer_control_update32
 .time_critical.hw_endpoint_start_next_buffer
                0x0000000020000b74       0x6c CMakeFiles/audiotest.dir/Users/thetragedyofdarthwise/pico/pico-sdk/lib/tinyusb/src/portable/raspberrypi/rp2040/rp2040_usb.c.obj
                0x0000000020000b74                hw_endpoint_start_next_buffer
 .time_critical.hw_endpoint_xfer_continue
                0x0000000020000be0       0x50 CMakeFiles/audiotest.dir/Users/thetragedyofdarthwise/pico/pico-sdk/lib/tinyusb/src/portable/raspberrypi/rp2040/rp2040_usb.c.obj
                0x0000000020000be0                hw_endpoint_xfer_continue
 .time_critical.tinyusb
                0x0000000020000c30      0x170 CMakeFiles/audiotest.dir/Users/thetragedyofdarthwise/pico/pico-sdk/lib/tinyusb/src/device/usbd.c.obj
                0x0000000020000c30                dcd_event_handler
 *(.text*)
 .text.modff    0x0000000020000da0       0x5c /opt/homebrew/Cellar/arm-none-eabi-gcc/10.3-2021.07/gcc/bin/../lib/gcc/arm-none-eabi/10.3.1/../../../../arm-none-eabi/lib/thumb/v6-m/nofp/libm.a(lib_a-sf_modf.o)
                0x0000000020000da0                modff
 .text.__fpclassifyf
                0x0000000020000dfc       0x40 /opt/homebrew/Cellar/arm-none-eabi-gcc/10.3-2021.07/gcc/bin/../lib/gcc/arm-none-eabi/10.3.1/../../../../arm-none-eabi/lib/thumb/v6-m/nofp/libm.a(lib_a-sf_fpclassify.o)
                0x0000000020000dfc                __fpclassifyf
 .text          0x0000000020000e3c        0x4 /opt/homebrew/Cellar/arm-none-eabi-gcc/10.3-2021.07/gcc/bin/../lib/gcc/arm-none-eabi/10.3.1/thumb/v6-m/nofp/libgcc.a(_dvmd_tls.o)
                0x0000000020000e3c                __aeabi_ldiv0
                0x0000000020000e3c                __aeabi_idiv0
 .text.__stub   0x0000000020000e40       0x90 linker stubs
                0x0000000020000ed0                . = ALIGN (0x4)
 *(.rodata*)
                0x0000000020000ed0                . = ALIGN (0x4)
 *(.data*)
 .data.striped_spin_lock_num
                0x0000000020000ed0        0x1 CMakeFiles/audiotest.dir/Users/thetragedyofdarthwise/pico/pico-sdk/src/rp2_common/hardware_sync/sync.c.obj
 *fill*         0x0000000020000ed1        0x3 
 .data          0x0000000020000ed4       0x48 CMakeFiles/audiotest.dir/Users/thetragedyofdarthwise/pico/pico-sdk/src/rp2_common/hardware_irq/irq_handler_chain.S.obj
                0x0000000020000ed4                irq_handler_chain_slots
                0x0000000020000f04                irq_handler_chain_first_slot
                0x0000000020000f0e                irq_handler_chain_remove_tail
 .data.default_alarm_pool
                0x0000000020000f1c       0x18 CMakeFiles/audiotest.dir/Users/thetragedyofdarthwise/pico/pico-sdk/src/common/pico_time/time.c.obj
 .data.default_alarm_pool_heap
                0x0000000020000f34       0x10 CMakeFiles/audiotest.dir/Users/thetragedyofdarthwise/pico/pico-sdk/src/common/pico_time/time.c.obj
 *fill*         0x0000000020000f44        0xc 
 .data.aeabi_bits_funcs
                0x0000000020000f50       0x10 CMakeFiles/audiotest.dir/Users/thetragedyofdarthwise/pico/pico-sdk/src/rp2_common/pico_bit_ops/bit_ops_aeabi.S.obj
                0x0000000020000f50                aeabi_bits_funcs
                0x0000000020000f60                aeabi_bits_funcs_end
 .data.aeabi_mem_funcs
                0x0000000020000f60       0x10 CMakeFiles/audiotest.dir/Users/thetragedyofdarthwise/pico/pico-sdk/src/rp2_common/pico_mem_ops/mem_ops_aeabi.S.obj
                0x0000000020000f60                aeabi_mem_funcs
                0x0000000020000f70                aeabi_mem_funcs_end
 .data.stdio_usb
                0x0000000020000f70       0x18 CMakeFiles/audiotest.dir/Users/thetragedyofdarthwise/pico/pico-sdk/src/rp2_common/pico_stdio_usb/stdio_usb.c.obj
                0x0000000020000f70                stdio_usb
 .data.ep_dir_string
                0x0000000020000f88        0x8 CMakeFiles/audiotest.dir/Users/thetragedyofdarthwise/pico/pico-sdk/lib/tinyusb/src/portable/raspberrypi/rp2040/rp2040_usb.c.obj
                0x0000000020000f88                ep_dir_string
 .data._usbd_qdef
                0x0000000020000f90       0x1c CMakeFiles/audiotest.dir/Users/thetragedyofdarthwise/pico/pico-sdk/lib/tinyusb/src/device/usbd.c.obj
                0x0000000020000f90                _usbd_qdef
 .data._usbd_rhport
                0x0000000020000fac        0x1 CMakeFiles/audiotest.dir/Users/thetragedyofdarthwise/pico/pico-sdk/lib/tinyusb/src/device/usbd.c.obj
 *fill*         0x0000000020000fad        0x3 
 .data.i2c0_inst
                0x0000000020000fb0        0x8 CMakeFiles/audiotest.dir/Users/thetragedyofdarthwise/pico/pico-sdk/src/rp2_common/hardware_i2c/i2c.c.obj
                0x0000000020000fb0                i2c0_inst
                0x0000000020000fb8                . = ALIGN (0x4)
 *(.after_data.*)
                0x0000000020000fb8                . = ALIGN (0x4)
                0x0000000020000fb8                PROVIDE (__mutex_array_start = .)
 *(SORT_BY_NAME(.mutex_array.*))
 *(.mutex_array)
 .mutex_array   0x0000000020000fb8        0x8 CMakeFiles/audiotest.dir/Users/thetragedyofdarthwise/pico/pico-sdk/src/rp2_common/pico_malloc/pico_malloc.c.obj
 .mutex_array   0x0000000020000fc0        0x8 CMakeFiles/audiotest.dir/Users/thetragedyofdarthwise/pico/pico-sdk/src/rp2_common/pico_stdio/stdio.c.obj
                0x0000000020000fc8                PROVIDE (__mutex_array_end = .)
                0x0000000020000fc8                . = ALIGN (0x4)
                0x0000000020000fc8                PROVIDE (__preinit_array_start = .)
 *(SORT_BY_NAME(.preinit_array.*))
 .preinit_array.00001
                0x0000000020000fc8        0x4 CMakeFiles/audiotest.dir/Users/thetragedyofdarthwise/pico/pico-sdk/src/rp2_common/pico_mem_ops/mem_ops_aeabi.S.obj
 .preinit_array.00010
                0x0000000020000fcc        0x4 CMakeFiles/audiotest.dir/Users/thetragedyofdarthwise/pico/pico-sdk/src/rp2_common/pico_bit_ops/bit_ops_aeabi.S.obj
 .preinit_array.00020
                0x0000000020000fd0        0x4 CMakeFiles/audiotest.dir/Users/thetragedyofdarthwise/pico/pico-sdk/src/rp2_common/pico_double/double_aeabi.S.obj
 .preinit_array.00020
                0x0000000020000fd4        0x4 CMakeFiles/audiotest.dir/Users/thetragedyofdarthwise/pico/pico-sdk/src/rp2_common/pico_float/float_aeabi.S.obj
 *(.preinit_array)
                0x0000000020000fd8                PROVIDE (__preinit_array_end = .)
                0x0000000020000fd8                . = ALIGN (0x4)
                0x0000000020000fd8                PROVIDE (__init_array_start = .)
 *(SORT_BY_NAME(.init_array.*))
 *(.init_array)
 .init_array    0x0000000020000fd8        0x4 /opt/homebrew/Cellar/arm-none-eabi-gcc/10.3-2021.07/gcc/bin/../lib/gcc/arm-none-eabi/10.3.1/thumb/v6-m/nofp/crtbegin.o
 .init_array    0x0000000020000fdc        0x4 CMakeFiles/audiotest.dir/Users/thetragedyofdarthwise/pico/pico-sdk/src/rp2_common/pico_unique_id/unique_id.c.obj
                0x0000000020000fe0                PROVIDE (__init_array_end = .)
                0x0000000020000fe0                . = ALIGN (0x4)
                [!provide]                        PROVIDE (__fini_array_start = .)
 *(SORT_BY_NAME(.fini_array.*))
 *(.fini_array)
                [!provide]                        PROVIDE (__fini_array_end = .)
 *(.jcr)
                0x0000000020000fe0                . = ALIGN (0x4)
                0x0000000020000fe0                __data_end__ = .

.igot.plt       0x0000000020000fe0        0x0 load address 0x00000000100093e0
 .igot.plt      0x0000000020000fe0        0x0 /opt/homebrew/Cellar/arm-none-eabi-gcc/10.3-2021.07/gcc/bin/../lib/gcc/arm-none-eabi/10.3.1/thumb/v6-m/nofp/crtbegin.o

.uninitialized_data
                0x0000000020000fe0        0x0 load address 0x00000000100093e0
                0x0000000020000fe0                . = ALIGN (0x4)
 *(.uninitialized_data*)

.scratch_x      0x0000000020040000        0x0 load address 0x00000000100093e0
                0x0000000020040000                __scratch_x_start__ = .
 *(.scratch_x.*)
                0x0000000020040000                . = ALIGN (0x4)
                0x0000000020040000                __scratch_x_end__ = .
                0x00000000100093e0                __scratch_x_source__ = LOADADDR (.scratch_x)

.scratch_y      0x0000000020041000        0x0 load address 0x00000000100093e0
                0x0000000020041000                __scratch_y_start__ = .
 *(.scratch_y.*)
                0x0000000020041000                . = ALIGN (0x4)
                0x0000000020041000                __scratch_y_end__ = .
                0x00000000100093e0                __scratch_y_source__ = LOADADDR (.scratch_y)

.bss            0x0000000020000fe0    0x2fbcc
                0x0000000020000fe0                . = ALIGN (0x4)
                0x0000000020000fe0                __bss_start__ = .
 *(SORT_BY_ALIGNMENT(SORT_BY_NAME(.bss*)))
 .bss.default_alarm_pool_entries
                0x0000000020000fe0      0x100 CMakeFiles/audiotest.dir/Users/thetragedyofdarthwise/pico/pico-sdk/src/common/pico_time/time.c.obj
 .bss.i2s       0x00000000200010e0    0x25838 CMakeFiles/audiotest.dir/main.c.obj
 .bss.last_avail_time.1
                0x0000000020026918        0x8 CMakeFiles/audiotest.dir/Users/thetragedyofdarthwise/pico/pico-sdk/src/rp2_common/pico_stdio_usb/stdio_usb.c.obj
 .bss.sd_table  0x0000000020026920      0x100 CMakeFiles/audiotest.dir/Users/thetragedyofdarthwise/pico/pico-sdk/src/rp2_common/pico_double/double_init_rom.c.obj
                0x0000000020026920                sd_table
 .bss.sf_table  0x0000000020026a20      0x100 CMakeFiles/audiotest.dir/Users/thetragedyofdarthwise/pico/pico-sdk/src/rp2_common/pico_float/float_init_rom.c.obj
                0x0000000020026a20                sf_table
 .bss           0x0000000020026b20       0x1c /opt/homebrew/Cellar/arm-none-eabi-gcc/10.3-2021.07/gcc/bin/../lib/gcc/arm-none-eabi/10.3.1/thumb/v6-m/nofp/crtbegin.o
 .bss._app_driver
                0x0000000020026b3c        0x4 CMakeFiles/audiotest.dir/Users/thetragedyofdarthwise/pico/pico-sdk/lib/tinyusb/src/device/usbd.c.obj
 .bss._cdcd_itf
                0x0000000020026b40      0x2c8 CMakeFiles/audiotest.dir/Users/thetragedyofdarthwise/pico/pico-sdk/lib/tinyusb/src/class/cdc/cdc_device.c.obj
 .bss._ctrl_xfer
                0x0000000020026e08       0x14 CMakeFiles/audiotest.dir/Users/thetragedyofdarthwise/pico/pico-sdk/lib/tinyusb/src/device/usbd_control.c.obj
 .bss._ubsd_mutexdef
                0x0000000020026e1c        0x8 CMakeFiles/audiotest.dir/Users/thetragedyofdarthwise/pico/pico-sdk/lib/tinyusb/src/device/usbd.c.obj
 .bss._usbd_ctrl_buf
                0x0000000020026e24       0x40 CMakeFiles/audiotest.dir/Users/thetragedyofdarthwise/pico/pico-sdk/lib/tinyusb/src/device/usbd_control.c.obj
 .bss._usbd_dev
                0x0000000020026e64       0x53 CMakeFiles/audiotest.dir/Users/thetragedyofdarthwise/pico/pico-sdk/lib/tinyusb/src/device/usbd.c.obj
 *fill*         0x0000000020026eb7        0x1 
 .bss._usbd_mutex
                0x0000000020026eb8        0x4 CMakeFiles/audiotest.dir/Users/thetragedyofdarthwise/pico/pico-sdk/lib/tinyusb/src/device/usbd.c.obj
 .bss._usbd_q   0x0000000020026ebc        0x4 CMakeFiles/audiotest.dir/Users/thetragedyofdarthwise/pico/pico-sdk/lib/tinyusb/src/device/usbd.c.obj
 .bss._usbd_qdef_buf
                0x0000000020026ec0       0xc0 CMakeFiles/audiotest.dir/Users/thetragedyofdarthwise/pico/pico-sdk/lib/tinyusb/src/device/usbd.c.obj
                0x0000000020026ec0                _usbd_qdef_buf
 .bss._used_instruction_space
                0x0000000020026f80        0x8 CMakeFiles/audiotest.dir/Users/thetragedyofdarthwise/pico/pico-sdk/src/rp2_common/hardware_pio/pio.c.obj
 .bss.alarm_callbacks
                0x0000000020026f88       0x10 CMakeFiles/audiotest.dir/Users/thetragedyofdarthwise/pico/pico-sdk/src/rp2_common/hardware_timer/timer.c.obj
 .bss.boot2_copyout
                0x0000000020026f98      0x100 CMakeFiles/audiotest.dir/Users/thetragedyofdarthwise/pico/pico-sdk/src/rp2_common/hardware_flash/flash.c.obj
 .bss.chars_available_callback
                0x0000000020027098        0x4 CMakeFiles/audiotest.dir/Users/thetragedyofdarthwise/pico/pico-sdk/src/rp2_common/pico_stdio_usb/stdio_usb.c.obj
 .bss.chars_available_param
                0x000000002002709c        0x4 CMakeFiles/audiotest.dir/Users/thetragedyofdarthwise/pico/pico-sdk/src/rp2_common/pico_stdio_usb/stdio_usb.c.obj
 .bss.claimed   0x00000000200270a0        0x4 CMakeFiles/audiotest.dir/Users/thetragedyofdarthwise/pico/pico-sdk/src/rp2_common/hardware_sync/sync.c.obj
 .bss.configured_freq
                0x00000000200270a4       0x28 CMakeFiles/audiotest.dir/Users/thetragedyofdarthwise/pico/pico-sdk/src/rp2_common/hardware_clocks/clocks.c.obj
 .bss.default_alarm_pool_entry_ids_high
                0x00000000200270cc       0x10 CMakeFiles/audiotest.dir/Users/thetragedyofdarthwise/pico/pico-sdk/src/common/pico_time/time.c.obj
 .bss.default_alarm_pool_heap_nodes
                0x00000000200270dc       0x30 CMakeFiles/audiotest.dir/Users/thetragedyofdarthwise/pico/pico-sdk/src/common/pico_time/time.c.obj
 .bss.desc_str.0
                0x000000002002710c       0x28 CMakeFiles/audiotest.dir/Users/thetragedyofdarthwise/pico/pico-sdk/src/rp2_common/pico_stdio_usb/stdio_usb_descriptors.c.obj
 .bss.drivers   0x0000000020027134        0x4 CMakeFiles/audiotest.dir/Users/thetragedyofdarthwise/pico/pico-sdk/src/rp2_common/pico_stdio/stdio.c.obj
 .bss.e15_last_sof
                0x0000000020027138        0x4 CMakeFiles/audiotest.dir/Users/thetragedyofdarthwise/pico/pico-sdk/lib/tinyusb/src/portable/raspberrypi/rp2040/rp2040_usb.c.obj
                0x0000000020027138                e15_last_sof
 .bss.filter    0x000000002002713c        0x4 CMakeFiles/audiotest.dir/Users/thetragedyofdarthwise/pico/pico-sdk/src/rp2_common/pico_stdio/stdio.c.obj
 .bss.hw_endpoints
                0x0000000020027140      0x400 CMakeFiles/audiotest.dir/Users/thetragedyofdarthwise/pico/pico-sdk/lib/tinyusb/src/portable/raspberrypi/rp2040/dcd_rp2040.c.obj
 .bss.lazy_vsnprintf
                0x0000000020027540        0x4 CMakeFiles/audiotest.dir/Users/thetragedyofdarthwise/pico/pico-sdk/src/rp2_common/pico_printf/printf.c.obj
 .bss.load_value
                0x0000000020027544        0x4 CMakeFiles/audiotest.dir/Users/thetragedyofdarthwise/pico/pico-sdk/src/rp2_common/hardware_watchdog/watchdog.c.obj
 .bss.next_buffer_ptr
                0x0000000020027548        0x4 CMakeFiles/audiotest.dir/Users/thetragedyofdarthwise/pico/pico-sdk/lib/tinyusb/src/portable/raspberrypi/rp2040/dcd_rp2040.c.obj
 .bss.one_shot_timer_crit_sec
                0x000000002002754c        0x8 CMakeFiles/audiotest.dir/Users/thetragedyofdarthwise/pico/pico-sdk/src/rp2_common/pico_stdio_usb/stdio_usb.c.obj
 .bss.outsignal
                0x0000000020027554     0x9600 CMakeFiles/audiotest.dir/main.c.obj
                0x0000000020027554                outsignal
 .bss.pools     0x0000000020030b54       0x10 CMakeFiles/audiotest.dir/Users/thetragedyofdarthwise/pico/pico-sdk/src/common/pico_time/time.c.obj
 .bss.retrieved_id
                0x0000000020030b64        0x8 CMakeFiles/audiotest.dir/Users/thetragedyofdarthwise/pico/pico-sdk/src/rp2_common/pico_unique_id/unique_id.c.obj
 .bss.sf_clz_func
                0x0000000020030b6c        0x4 CMakeFiles/audiotest.dir/Users/thetragedyofdarthwise/pico/pico-sdk/src/rp2_common/pico_double/double_init_rom.c.obj
                0x0000000020030b6c                sf_clz_func
 .bss.sleep_notifier
                0x0000000020030b70        0x4 CMakeFiles/audiotest.dir/Users/thetragedyofdarthwise/pico/pico-sdk/src/common/pico_time/time.c.obj
 .bss.stdio_usb_mutex
                0x0000000020030b74        0x8 CMakeFiles/audiotest.dir/Users/thetragedyofdarthwise/pico/pico-sdk/src/rp2_common/pico_stdio_usb/stdio_usb.c.obj
 .bss.target_hi
                0x0000000020030b7c       0x10 CMakeFiles/audiotest.dir/Users/thetragedyofdarthwise/pico/pico-sdk/src/rp2_common/hardware_timer/timer.c.obj
 .bss.usbd_serial_str
                0x0000000020030b8c       0x11 CMakeFiles/audiotest.dir/Users/thetragedyofdarthwise/pico/pico-sdk/src/rp2_common/pico_stdio_usb/stdio_usb_descriptors.c.obj